Checked accessible: 2 registered variant(s).
Checked add-document: 2 registered variant(s).
Checked add-user: 1 registered variant(s).
Checked announcement: 1 registered variant(s).
Checked api: 1 registered variant(s).
Checked app-switcher: 1 registered variant(s).
Checked arrow-down: 1 registered variant(s).
Checked arrow-left: 1 registered variant(s).
Checked arrow-right: 1 registered variant(s).
Checked arrow-up: 1 registered variant(s).
Checked attach: 1 registered variant(s).
Checked bank: 2 registered variant(s).
Checked bank-check: 2 registered variant(s).
Checked battery: 2 registered variant(s).
Checked bookmark: 2 registered variant(s).
Checked browser: 2 registered variant(s).
Checked build-report: 2 registered variant(s).
Checked building: 2 registered variant(s).
Checked buildings: 2 registered variant(s).
Checked calculator: 2 registered variant(s).
Checked calendar: 2 registered variant(s).
Checked call: 2 registered variant(s).
Checked cart: 2 registered variant(s).
Checked chart-area: 1 registered variant(s).
Checked chart-box-plot: 1 registered variant(s).
Checked chart-bubble: 2 registered variant(s).
Checked chart-candlestick: 2 registered variant(s).
Checked chart-line: 2 registered variant(s).
Checked chart-pie: 2 registered variant(s).
Checked chart-scatter: 2 registered variant(s).
Checked checkmark: 2 registered variant(s).
Checked chevron-down: 1 registered variant(s).
Checked chevron-left: 1 registered variant(s).
Checked chevron-right: 1 registered variant(s).
Checked chevron-up: 1 registered variant(s).
Checked clock: 2 registered variant(s).
Checked clone: 1 registered variant(s).
Checked closedcaption: 2 registered variant(s).
Checked closedcaption-disabled: 2 registered variant(s).
Checked cloud: 2 registered variant(s).
Checked cloud-disabled: 2 registered variant(s).
Checked cloud-download: 2 registered variant(s).
Checked cloud-success: 2 registered variant(s).
Checked cloud-sync: 2 registered variant(s).
Checked cloud-upload: 2 registered variant(s).
Checked coffee: 2 registered variant(s).
Checked collapse: 1 registered variant(s).
Checked collapse-all: 1 registered variant(s).
Checked collapse-all-horizontal: 1 registered variant(s).
Checked column-chooser: 2 registered variant(s).
Checked commentary: 2 registered variant(s).
Checked compare: 2 registered variant(s).
Checked compass: 2 registered variant(s).
Checked cookie: 2 registered variant(s).
Checked credit-card: 2 registered variant(s).
Checked csv: 2 registered variant(s).
Checked currency: 2 registered variant(s).
Checked currency-exchange: 1 registered variant(s).
Checked cut: 1 registered variant(s).
Checked dark: 2 registered variant(s).
Checked dashboard: 2 registered variant(s).
Checked dataset-manager: 2 registered variant(s).
Checked delete: 2 registered variant(s).
Checked devices: 2 registered variant(s).
Checked diamond: 1 registered variant(s).
Checked display: 2 registered variant(s).
Checked document: 2 registered variant(s).
Checked document-draft: 1 registered variant(s).
Checked document-edit: 1 registered variant(s).
Checked document-search: 1 registered variant(s).
Checked does-not-equal: 1 registered variant(s).
Checked double-chevron-down: 1 registered variant(s).
Checked double-chevron-left: 1 registered variant(s).
Checked double-chevron-right: 1 registered variant(s).
Checked double-chevron-up: 1 registered variant(s).
Checked download: 1 registered variant(s).
Checked edit: 2 registered variant(s).
Checked error: 2 registered variant(s).
Checked expand: 1 registered variant(s).
Checked expand-all: 1 registered variant(s).
Checked expand-all-horizontal: 1 registered variant(s).
Checked exponentiation: 1 registered variant(s).
Checked export: 2 registered variant(s).
Checked favorite: 2 registered variant(s).
Checked favorite_strong: 1 registered variant(s).
Checked favorite-half: 1 registered variant(s).
Checked filter: 2 registered variant(s).
Checked filter-clear: 2 registered variant(s).
Checked first: 1 registered variant(s).
Checked flag: 2 registered variant(s).
Checked folder-closed: 2 registered variant(s).
Checked folder-open: 2 registered variant(s).
Checked globe: 2 registered variant(s).
Checked greater-than: 1 registered variant(s).
Checked greater-than-equal-to: 1 registered variant(s).
Checked group: 2 registered variant(s).
Checked growth: 1 registered variant(s).
Checked guide-closed: 2 registered variant(s).
Checked guide-open: 2 registered variant(s).
Checked handshake: 2 registered variant(s).
Checked hidden: 2 registered variant(s).
Checked hierarchy: 2 registered variant(s).
Checked history: 1 registered variant(s).
Checked holiday: 2 registered variant(s).
Checked home: 2 registered variant(s).
Checked hospital: 2 registered variant(s).
Checked image: 2 registered variant(s).
Checked import: 2 registered variant(s).
Checked inbox: 2 registered variant(s).
Checked indent: 1 registered variant(s).
Checked jigsaw: 2 registered variant(s).
Checked key: 2 registered variant(s).
Checked key-backspace: 1 registered variant(s).
Checked key-capslock: 1 registered variant(s).
Checked key-command: 1 registered variant(s).
Checked key-control: 1 registered variant(s).
Checked key-enter: 1 registered variant(s).
Checked key-option: 1 registered variant(s).
Checked key-shift: 1 registered variant(s).
Checked key-tab: 1 registered variant(s).
Checked last: 1 registered variant(s).
Checked layers: 2 registered variant(s).
Checked less-than: 1 registered variant(s).
Checked less-than-equal-to: 1 registered variant(s).
Checked lightbulb: 2 registered variant(s).
Checked like: 2 registered variant(s).
Checked line-chart: 2 registered variant(s).
Checked location: 2 registered variant(s).
Checked magic-wand: 1 registered variant(s).
Checked maintenance: 2 registered variant(s).
Checked man: 2 registered variant(s).
Checked man-woman: 2 registered variant(s).
Checked map: 2 registered variant(s).
Checked marker: 2 registered variant(s).
Checked medical-kit: 2 registered variant(s).
Checked message: 2 registered variant(s).
Checked message-forward: 1 registered variant(s).
Checked message-reply: 1 registered variant(s).
Checked message-reply-all: 1 registered variant(s).
Checked microphone: 2 registered variant(s).
Checked microphone-disabled: 2 registered variant(s).
Checked mouse: 2 registered variant(s).
Checked move-all: 1 registered variant(s).
Checked move-horizontal: 1 registered variant(s).
Checked move-vertical: 1 registered variant(s).
Checked multiply: 1 registered variant(s).
Checked music: 2 registered variant(s).
Checked music-disabled: 2 registered variant(s).
Checked note: 2 registered variant(s).
Checked notification: 2 registered variant(s).
Checked notification-read: 2 registered variant(s).
Checked outdent: 1 registered variant(s).
Checked paste: 2 registered variant(s).
Checked pdf: 2 registered variant(s).
Checked pi: 1 registered variant(s).
Checked picnic: 2 registered variant(s).
Checked pie-chart: 1 registered variant(s).
Checked pin: 2 registered variant(s).
Checked pivot: 2 registered variant(s).
Checked place-in: 1 registered variant(s).
Checked play: 2 registered variant(s).
Checked policy: 1 registered variant(s).
Checked pot-food: 2 registered variant(s).
Checked presentation: 2 registered variant(s).
Checked price-ladder: 1 registered variant(s).
Checked print: 2 registered variant(s).
Checked progress-complete: 1 registered variant(s).
Checked progress-onhold: 1 registered variant(s).
Checked progress-pending: 1 registered variant(s).
Checked protection: 2 registered variant(s).
Checked receipt: 2 registered variant(s).
Checked redo: 1 registered variant(s).
Checked refresh: 1 registered variant(s).
Checked remove-bookmark: 2 registered variant(s).
Checked remove-document: 2 registered variant(s).
Checked remove-user: 1 registered variant(s).
Checked restore: 1 registered variant(s).
Checked run-report: 2 registered variant(s).
Checked salt-shaker: 2 registered variant(s).
Checked save: 2 registered variant(s).
Checked scales: 2 registered variant(s).
Checked schedule-time: 2 registered variant(s).
Checked school: 2 registered variant(s).
Checked search: 2 registered variant(s).
Checked send: 2 registered variant(s).
Checked settings: 2 registered variant(s).
Checked signature: 1 registered variant(s).
Checked signpost: 2 registered variant(s).
Checked sort: 1 registered variant(s).
Checked sort-alpha-ascend: 1 registered variant(s).
Checked sort-alpha-descend: 1 registered variant(s).
Checked sort-ascend: 1 registered variant(s).
Checked sort-descend: 1 registered variant(s).
Checked sort-num-ascend: 1 registered variant(s).
Checked sort-num-descend: 1 registered variant(s).
Checked sortable-alpha: 1 registered variant(s).
Checked sortable-num: 1 registered variant(s).
Checked sparkle: 2 registered variant(s).
Checked sparkle-refresh: 2 registered variant(s).
Checked square-root: 1 registered variant(s).
Checked step-success: 1 registered variant(s).
Checked stethoscope: 2 registered variant(s).
Checked storage: 2 registered variant(s).
Checked storefront: 2 registered variant(s).
Checked success: 2 registered variant(s).
Checked success_small: 2 registered variant(s).
Checked success-circle: 2 registered variant(s).
Checked success-tick: 1 registered variant(s).
Checked sum: 2 registered variant(s).
Checked summarize: 1 registered variant(s).
Checked swap: 1 registered variant(s).
Checked sync: 1 registered variant(s).
Checked tag: 2 registered variant(s).
Checked tag-clear: 2 registered variant(s).
Checked tails: 2 registered variant(s).
Checked tear-out: 1 registered variant(s).
Checked text-highlight: 1 registered variant(s).
Checked thumbs-down: 2 registered variant(s).
Checked thumbs-up: 2 registered variant(s).
Checked tote: 2 registered variant(s).
Checked travel: 2 registered variant(s).
Checked tree: 2 registered variant(s).
Checked type: 2 registered variant(s).
Checked undo: 1 registered variant(s).
Checked universal-access: 2 registered variant(s).
Checked unlinked: 1 registered variant(s).
Checked upload: 1 registered variant(s).
Checked urgency-critical: 1 registered variant(s).
Checked urgency-high: 1 registered variant(s).
Checked urgency-low: 1 registered variant(s).
Checked urgency-medium: 1 registered variant(s).
Checked urgency-ontime: 1 registered variant(s).
Checked user: 2 registered variant(s).
Checked user-admin: 2 registered variant(s).
Checked user-badge: 1 registered variant(s).
Checked user-group: 2 registered variant(s).
Checked user-search: 1 registered variant(s).
Checked utensils: 2 registered variant(s).
Checked video: 2 registered variant(s).
Checked video-disabled: 1 registered variant(s).
Checked visible: 2 registered variant(s).
Checked volume-down: 1 registered variant(s).
Checked volume-off: 1 registered variant(s).
Checked volume-up: 1 registered variant(s).
Checked warning: 2 registered variant(s).
Checked watch: 2 registered variant(s).
Checked woman: 2 registered variant(s).
Checked woodland: 2 registered variant(s).
Checked workflow: 2 registered variant(s).
Checked xls: 2 registered variant(s).
Checked zip: 2 registered variant(s).
WARN site/src/components/icon-preview/salt-icon-synonym.json row 1 (accessible): synonym term 4 contains whitespace. Search normalization removes whitespace from the query, not stored terms; a full spaced phrase may not match this term.
WARN site/src/components/icon-preview/salt-icon-synonym.json row 1 (accessible): synonym term 5 contains whitespace. Search normalization removes whitespace from the query, not stored terms; a full spaced phrase may not match this term.
WARN site/src/components/icon-preview/salt-icon-synonym.json row 6 (arrow-down): synonym term 5 contains whitespace. Search normalization removes whitespace from the query, not stored terms; a full spaced phrase may not match this term.
WARN site/src/components/icon-preview/salt-icon-synonym.json row 7 (arrow-left): synonym term 6 contains whitespace. Search normalization removes whitespace from the query, not stored terms; a full spaced phrase may not match this term.
WARN site/src/components/icon-preview/salt-icon-synonym.json row 8 (arrow-right): synonym term 5 contains whitespace. Search normalization removes whitespace from the query, not stored terms; a full spaced phrase may not match this term.
WARN site/src/components/icon-preview/salt-icon-synonym.json row 9 (arrow-up): synonym term 5 contains whitespace. Search normalization removes whitespace from the query, not stored terms; a full spaced phrase may not match this term.
WARN site/src/components/icon-preview/salt-icon-synonym.json row 349 (chart-area): synonym term 3 contains whitespace. Search normalization removes whitespace from the query, not stored terms; a full spaced phrase may not match this term.
WARN site/src/components/icon-preview/salt-icon-synonym.json row 349 (chart-area): synonym term 4 contains whitespace. Search normalization removes whitespace from the query, not stored terms; a full spaced phrase may not match this term.
WARN site/src/components/icon-preview/salt-icon-synonym.json row 348 (chart-box-plot): synonym term 3 contains whitespace. Search normalization removes whitespace from the query, not stored terms; a full spaced phrase may not match this term.
WARN site/src/components/icon-preview/salt-icon-synonym.json row 348 (chart-box-plot): synonym term 5 contains whitespace. Search normalization removes whitespace from the query, not stored terms; a full spaced phrase may not match this term.
WARN site/src/components/icon-preview/salt-icon-synonym.json row 347 (chart-bubble): synonym term 3 contains whitespace. Search normalization removes whitespace from the query, not stored terms; a full spaced phrase may not match this term.
WARN site/src/components/icon-preview/salt-icon-synonym.json row 352 (chart-candlestick): synonym term 3 contains whitespace. Search normalization removes whitespace from the query, not stored terms; a full spaced phrase may not match this term.
WARN site/src/components/icon-preview/salt-icon-synonym.json row 120 (chart-line): synonym term 5 contains whitespace. Search normalization removes whitespace from the query, not stored terms; a full spaced phrase may not match this term.
WARN site/src/components/icon-preview/salt-icon-synonym.json row 280 (chart-pie): synonym term 5 contains whitespace. Search normalization removes whitespace from the query, not stored terms; a full spaced phrase may not match this term.
WARN site/src/components/icon-preview/salt-icon-synonym.json row 280 (chart-pie): synonym term 6 contains whitespace. Search normalization removes whitespace from the query, not stored terms; a full spaced phrase may not match this term.
WARN site/src/components/icon-preview/salt-icon-synonym.json row 351 (chart-scatter): synonym term 3 contains whitespace. Search normalization removes whitespace from the query, not stored terms; a full spaced phrase may not match this term.
WARN site/src/components/icon-preview/salt-icon-synonym.json row 351 (chart-scatter): synonym term 4 contains whitespace. Search normalization removes whitespace from the query, not stored terms; a full spaced phrase may not match this term.
WARN site/src/components/icon-preview/salt-icon-synonym.json row 351 (chart-scatter): synonym term 5 contains whitespace. Search normalization removes whitespace from the query, not stored terms; a full spaced phrase may not match this term.
WARN site/src/components/icon-preview/salt-icon-synonym.json row 351 (chart-scatter): synonym term 6 contains whitespace. Search normalization removes whitespace from the query, not stored terms; a full spaced phrase may not match this term.
WARN site/src/components/icon-preview/salt-icon-synonym.json row 29 (chevron-down): synonym term 6 contains whitespace. Search normalization removes whitespace from the query, not stored terms; a full spaced phrase may not match this term.
WARN site/src/components/icon-preview/salt-icon-synonym.json row 29 (chevron-down): synonym term 7 contains whitespace. Search normalization removes whitespace from the query, not stored terms; a full spaced phrase may not match this term.
WARN site/src/components/icon-preview/salt-icon-synonym.json row 30 (chevron-left): synonym term 6 contains whitespace. Search normalization removes whitespace from the query, not stored terms; a full spaced phrase may not match this term.
WARN site/src/components/icon-preview/salt-icon-synonym.json row 30 (chevron-left): synonym term 7 contains whitespace. Search normalization removes whitespace from the query, not stored terms; a full spaced phrase may not match this term.
WARN site/src/components/icon-preview/salt-icon-synonym.json row 31 (chevron-right): synonym term 6 contains whitespace. Search normalization removes whitespace from the query, not stored terms; a full spaced phrase may not match this term.
WARN site/src/components/icon-preview/salt-icon-synonym.json row 31 (chevron-right): synonym term 7 contains whitespace. Search normalization removes whitespace from the query, not stored terms; a full spaced phrase may not match this term.
WARN site/src/components/icon-preview/salt-icon-synonym.json row 32 (chevron-up): synonym term 6 contains whitespace. Search normalization removes whitespace from the query, not stored terms; a full spaced phrase may not match this term.
WARN site/src/components/icon-preview/salt-icon-synonym.json row 32 (chevron-up): synonym term 7 contains whitespace. Search normalization removes whitespace from the query, not stored terms; a full spaced phrase may not match this term.
WARN site/src/components/icon-preview/salt-icon-synonym.json row 33 (clock): synonym term 4 contains whitespace. Search normalization removes whitespace from the query, not stored terms; a full spaced phrase may not match this term.
WARN site/src/components/icon-preview/salt-icon-synonym.json row 37 (closedcaption): synonym term 4 contains whitespace. Search normalization removes whitespace from the query, not stored terms; a full spaced phrase may not match this term.
WARN site/src/components/icon-preview/salt-icon-synonym.json row 37 (closedcaption): synonym term 6 contains whitespace. Search normalization removes whitespace from the query, not stored terms; a full spaced phrase may not match this term.
WARN site/src/components/icon-preview/salt-icon-synonym.json row 37 (closedcaption): synonym term 7 contains whitespace. Search normalization removes whitespace from the query, not stored terms; a full spaced phrase may not match this term.
WARN site/src/components/icon-preview/salt-icon-synonym.json row 38 (closedcaption-disabled): synonym term 4 contains whitespace. Search normalization removes whitespace from the query, not stored terms; a full spaced phrase may not match this term.
WARN site/src/components/icon-preview/salt-icon-synonym.json row 46 (collapse): synonym term 6 contains whitespace. Search normalization removes whitespace from the query, not stored terms; a full spaced phrase may not match this term.
WARN site/src/components/icon-preview/salt-icon-synonym.json row 47 (collapse-all): synonym term 6 contains whitespace. Search normalization removes whitespace from the query, not stored terms; a full spaced phrase may not match this term.
WARN site/src/components/icon-preview/salt-icon-synonym.json row 49 (commentary): synonym term 7 contains whitespace. Search normalization removes whitespace from the query, not stored terms; a full spaced phrase may not match this term.
WARN site/src/components/icon-preview/salt-icon-synonym.json row 53 (credit-card): synonym term 6 contains whitespace. Search normalization removes whitespace from the query, not stored terms; a full spaced phrase may not match this term.
WARN site/src/components/icon-preview/salt-icon-synonym.json row 299 (currency): synonym term 5 contains whitespace. Search normalization removes whitespace from the query, not stored terms; a full spaced phrase may not match this term.
WARN site/src/components/icon-preview/salt-icon-synonym.json row 58 (dashboard): synonym term 1 contains whitespace. Search normalization removes whitespace from the query, not stored terms; a full spaced phrase may not match this term.
WARN site/src/components/icon-preview/salt-icon-synonym.json row 58 (dashboard): synonym term 4 contains whitespace. Search normalization removes whitespace from the query, not stored terms; a full spaced phrase may not match this term.
WARN site/src/components/icon-preview/salt-icon-synonym.json row 60 (delete): synonym term 6 contains whitespace. Search normalization removes whitespace from the query, not stored terms; a full spaced phrase may not match this term.
WARN site/src/components/icon-preview/salt-icon-synonym.json row 64 (document): synonym term 6 contains whitespace. Search normalization removes whitespace from the query, not stored terms; a full spaced phrase may not match this term.
WARN site/src/components/icon-preview/salt-icon-synonym.json row 307 (document-draft): synonym term 6 contains whitespace. Search normalization removes whitespace from the query, not stored terms; a full spaced phrase may not match this term.
WARN site/src/components/icon-preview/salt-icon-synonym.json row 307 (document-draft): synonym term 7 contains whitespace. Search normalization removes whitespace from the query, not stored terms; a full spaced phrase may not match this term.
WARN site/src/components/icon-preview/salt-icon-synonym.json row 274 (document-search): synonym term 6 contains whitespace. Search normalization removes whitespace from the query, not stored terms; a full spaced phrase may not match this term.
WARN site/src/components/icon-preview/salt-icon-synonym.json row 66 (double-chevron-left): synonym term 5 contains whitespace. Search normalization removes whitespace from the query, not stored terms; a full spaced phrase may not match this term.
WARN site/src/components/icon-preview/salt-icon-synonym.json row 66 (double-chevron-left): synonym term 6 contains whitespace. Search normalization removes whitespace from the query, not stored terms; a full spaced phrase may not match this term.
WARN site/src/components/icon-preview/salt-icon-synonym.json row 66 (double-chevron-left): synonym term 7 contains whitespace. Search normalization removes whitespace from the query, not stored terms; a full spaced phrase may not match this term.
WARN site/src/components/icon-preview/salt-icon-synonym.json row 67 (double-chevron-right): synonym term 5 contains whitespace. Search normalization removes whitespace from the query, not stored terms; a full spaced phrase may not match this term.
WARN site/src/components/icon-preview/salt-icon-synonym.json row 67 (double-chevron-right): synonym term 6 contains whitespace. Search normalization removes whitespace from the query, not stored terms; a full spaced phrase may not match this term.
WARN site/src/components/icon-preview/salt-icon-synonym.json row 67 (double-chevron-right): synonym term 7 contains whitespace. Search normalization removes whitespace from the query, not stored terms; a full spaced phrase may not match this term.
WARN site/src/components/icon-preview/salt-icon-synonym.json row 74 (expand): synonym term 6 contains whitespace. Search normalization removes whitespace from the query, not stored terms; a full spaced phrase may not match this term.
WARN site/src/components/icon-preview/salt-icon-synonym.json row 310 (exponentiation): synonym term 2 contains whitespace. Search normalization removes whitespace from the query, not stored terms; a full spaced phrase may not match this term.
WARN site/src/components/icon-preview/salt-icon-synonym.json row 77 (favorite): synonym term 8 contains whitespace. Search normalization removes whitespace from the query, not stored terms; a full spaced phrase may not match this term.
WARN site/src/components/icon-preview/salt-icon-synonym.json row 79 (favorite_strong): synonym term 8 contains whitespace. Search normalization removes whitespace from the query, not stored terms; a full spaced phrase may not match this term.
WARN site/src/components/icon-preview/salt-icon-synonym.json row 78 (favorite-half): synonym term 8 contains whitespace. Search normalization removes whitespace from the query, not stored terms; a full spaced phrase may not match this term.
WARN site/src/components/icon-preview/salt-icon-synonym.json row 268 (growth): synonym term 6 contains whitespace. Search normalization removes whitespace from the query, not stored terms; a full spaced phrase may not match this term.
WARN site/src/components/icon-preview/salt-icon-synonym.json row 98 (hidden): synonym term 7 contains whitespace. Search normalization removes whitespace from the query, not stored terms; a full spaced phrase may not match this term.
WARN site/src/components/icon-preview/salt-icon-synonym.json row 99 (history): synonym term 4 contains whitespace. Search normalization removes whitespace from the query, not stored terms; a full spaced phrase may not match this term.
WARN site/src/components/icon-preview/salt-icon-synonym.json row 108 (key): synonym term 7 contains whitespace. Search normalization removes whitespace from the query, not stored terms; a full spaced phrase may not match this term.
WARN site/src/components/icon-preview/salt-icon-synonym.json row 302 (magic-wand): synonym term 1 contains whitespace. Search normalization removes whitespace from the query, not stored terms; a full spaced phrase may not match this term.
WARN site/src/components/icon-preview/salt-icon-synonym.json row 131 (medical-kit): synonym term 1 contains whitespace. Search normalization removes whitespace from the query, not stored terms; a full spaced phrase may not match this term.
WARN site/src/components/icon-preview/salt-icon-synonym.json row 136 (microphone-disabled): synonym term 8 contains whitespace. Search normalization removes whitespace from the query, not stored terms; a full spaced phrase may not match this term.
WARN site/src/components/icon-preview/salt-icon-synonym.json row 145 (note): synonym term 4 contains whitespace. Search normalization removes whitespace from the query, not stored terms; a full spaced phrase may not match this term.
WARN site/src/components/icon-preview/salt-icon-synonym.json row 153 (pin): synonym term 7 contains whitespace. Search normalization removes whitespace from the query, not stored terms; a full spaced phrase may not match this term.
WARN site/src/components/icon-preview/salt-icon-synonym.json row 156 (play): synonym term 9 contains whitespace. Search normalization removes whitespace from the query, not stored terms; a full spaced phrase may not match this term.
WARN site/src/components/icon-preview/salt-icon-synonym.json row 156 (play): synonym term 10 contains whitespace. Search normalization removes whitespace from the query, not stored terms; a full spaced phrase may not match this term.
WARN site/src/components/icon-preview/salt-icon-synonym.json row 163 (progress-complete): synonym term 2 contains whitespace. Search normalization removes whitespace from the query, not stored terms; a full spaced phrase may not match this term.
WARN site/src/components/icon-preview/salt-icon-synonym.json row 163 (progress-complete): synonym term 7 contains whitespace. Search normalization removes whitespace from the query, not stored terms; a full spaced phrase may not match this term.
WARN site/src/components/icon-preview/salt-icon-synonym.json row 166 (progress-onhold): synonym term 2 contains whitespace. Search normalization removes whitespace from the query, not stored terms; a full spaced phrase may not match this term.
WARN site/src/components/icon-preview/salt-icon-synonym.json row 167 (progress-pending): synonym term 1 contains whitespace. Search normalization removes whitespace from the query, not stored terms; a full spaced phrase may not match this term.
WARN site/src/components/icon-preview/salt-icon-synonym.json row 171 (receipt): synonym term 6 contains whitespace. Search normalization removes whitespace from the query, not stored terms; a full spaced phrase may not match this term.
WARN site/src/components/icon-preview/salt-icon-synonym.json row 175 (remove-bookmark): synonym term 1 contains whitespace. Search normalization removes whitespace from the query, not stored terms; a full spaced phrase may not match this term.
WARN site/src/components/icon-preview/salt-icon-synonym.json row 292 (school): synonym term 2 contains whitespace. Search normalization removes whitespace from the query, not stored terms; a full spaced phrase may not match this term.
WARN site/src/components/icon-preview/salt-icon-synonym.json row 187 (search): synonym term 5 contains whitespace. Search normalization removes whitespace from the query, not stored terms; a full spaced phrase may not match this term.
WARN site/src/components/icon-preview/salt-icon-synonym.json row 193 (send): synonym term 5 contains whitespace. Search normalization removes whitespace from the query, not stored terms; a full spaced phrase may not match this term.
WARN site/src/components/icon-preview/salt-icon-synonym.json row 206 (sparkle): synonym term 2 contains whitespace. Search normalization removes whitespace from the query, not stored terms; a full spaced phrase may not match this term.
WARN site/src/components/icon-preview/salt-icon-synonym.json row 275 (sparkle-refresh): synonym term 4 contains whitespace. Search normalization removes whitespace from the query, not stored terms; a full spaced phrase may not match this term.
WARN site/src/components/icon-preview/salt-icon-synonym.json row 215 (success-circle): synonym term 2 contains whitespace. Search normalization removes whitespace from the query, not stored terms; a full spaced phrase may not match this term.
WARN site/src/components/icon-preview/salt-icon-synonym.json row 269 (summarize): synonym term 4 contains whitespace. Search normalization removes whitespace from the query, not stored terms; a full spaced phrase may not match this term.
WARN site/src/components/icon-preview/salt-icon-synonym.json row 221 (tag-clear): synonym term 2 contains whitespace. Search normalization removes whitespace from the query, not stored terms; a full spaced phrase may not match this term.
WARN site/src/components/icon-preview/salt-icon-synonym.json row 224 (tear-out): synonym term 6 contains whitespace. Search normalization removes whitespace from the query, not stored terms; a full spaced phrase may not match this term.
WARN site/src/components/icon-preview/salt-icon-synonym.json row 224 (tear-out): synonym term 7 contains whitespace. Search normalization removes whitespace from the query, not stored terms; a full spaced phrase may not match this term.
WARN site/src/components/icon-preview/salt-icon-synonym.json row 225 (thumbs-down): synonym term 6 contains whitespace. Search normalization removes whitespace from the query, not stored terms; a full spaced phrase may not match this term.
WARN site/src/components/icon-preview/salt-icon-synonym.json row 226 (thumbs-up): synonym term 6 contains whitespace. Search normalization removes whitespace from the query, not stored terms; a full spaced phrase may not match this term.
WARN site/src/components/icon-preview/salt-icon-synonym.json row 298 (travel): synonym term 7 contains whitespace. Search normalization removes whitespace from the query, not stored terms; a full spaced phrase may not match this term.
WARN site/src/components/icon-preview/salt-icon-synonym.json row 240 (upload): synonym term 5 contains whitespace. Search normalization removes whitespace from the query, not stored terms; a full spaced phrase may not match this term.
WARN site/src/components/icon-preview/salt-icon-synonym.json row 243 (urgency-low): synonym term 5 contains whitespace. Search normalization removes whitespace from the query, not stored terms; a full spaced phrase may not match this term.
WARN site/src/components/icon-preview/salt-icon-synonym.json row 246 (user): synonym term 5 contains whitespace. Search normalization removes whitespace from the query, not stored terms; a full spaced phrase may not match this term.
WARN site/src/components/icon-preview/salt-icon-synonym.json row 247 (user-admin): synonym term 5 contains whitespace. Search normalization removes whitespace from the query, not stored terms; a full spaced phrase may not match this term.
WARN site/src/components/icon-preview/salt-icon-synonym.json row 248 (user-badge): synonym term 5 contains whitespace. Search normalization removes whitespace from the query, not stored terms; a full spaced phrase may not match this term.
WARN site/src/components/icon-preview/salt-icon-synonym.json row 249 (user-group): synonym term 6 contains whitespace. Search normalization removes whitespace from the query, not stored terms; a full spaced phrase may not match this term.
WARN site/src/components/icon-preview/salt-icon-synonym.json row 251 (video): synonym term 5 contains whitespace. Search normalization removes whitespace from the query, not stored terms; a full spaced phrase may not match this term.
WARN site/src/components/icon-preview/salt-icon-synonym.json row 252 (video-disabled): synonym term 6 contains whitespace. Search normalization removes whitespace from the query, not stored terms; a full spaced phrase may not match this term.
WARN site/src/components/icon-preview/salt-icon-synonym.json row 254 (volume-down): synonym term 5 contains whitespace. Search normalization removes whitespace from the query, not stored terms; a full spaced phrase may not match this term.
WARN site/src/components/icon-preview/salt-icon-synonym.json row 255 (volume-off): synonym term 2 contains whitespace. Search normalization removes whitespace from the query, not stored terms; a full spaced phrase may not match this term.
WARN site/src/components/icon-preview/salt-icon-synonym.json row 255 (volume-off): synonym term 5 contains whitespace. Search normalization removes whitespace from the query, not stored terms; a full spaced phrase may not match this term.
WARN site/src/components/icon-preview/salt-icon-synonym.json row 256 (volume-up): synonym term 6 contains whitespace. Search normalization removes whitespace from the query, not stored terms; a full spaced phrase may not match this term.
WARN site/src/components/icon-preview/salt-icon-synonym.json row 257 (warning): synonym term 1 contains whitespace. Search normalization removes whitespace from the query, not stored terms; a full spaced phrase may not match this term.
WARN site/src/components/icon-preview/salt-icon-synonym.json row 257 (warning): synonym term 6 contains whitespace. Search normalization removes whitespace from the query, not stored terms; a full spaced phrase may not match this term.
FAIL LineChartIcon: expected exactly one website synonym match, found 0.
FAIL LineChartSolidIcon: expected exactly one website synonym match, found 0.
FAIL PieChartIcon: expected exactly one website synonym match, found 0.
FAIL StepSuccessIcon: expected exactly one website synonym match, found 0.
FAIL SuccessIcon: expected exactly one website synonym match, found 0.
FAIL SuccessSolidIcon: expected exactly one website synonym match, found 0.
FAIL SuccessSmallIcon: expected exactly one website synonym match, found 0.
FAIL SuccessSmallSolidIcon: expected exactly one website synonym match, found 0.
FAIL SuccessTickIcon: expected exactly one website synonym match, found 0.

FAIL: 251 requested meaning(s), 395 registered variant(s), 9 error(s), 99 warning(s).
Limits: registration checks only; no visual/semantic relevance, generated-geometry equivalence, or recipe execution checks. generate:icons and validate:icons own effective recipe and geometry validation.
Search normalization: the query is lowercased and whitespace is removed; stored synonym terms are not normalized. Hyphens are removed only when matching metadata iconName to component names; optional Solid and case-insensitive matching follow IconPreview.tsx.
