Checked replay-5: 1 registered variant(s).
Checked replay-10: 1 registered variant(s).
Checked replay-15: 1 registered variant(s).
Checked replay-30: 1 registered variant(s).
Checked forward-5: 1 registered variant(s).
Checked forward-10: 1 registered variant(s).
Checked forward-15: 1 registered variant(s).
Checked forward-30: 1 registered variant(s).
Checked history: 1 registered variant(s).
Checked sync: 1 registered variant(s).
Checked sparkle-refresh: 2 registered variant(s).
WARN site/src/components/icon-preview/salt-icon-synonym.json row 177 (replay-10): synonym term 5 contains whitespace. Search normalization removes whitespace from the query, not stored terms; a full spaced phrase may not match this term.
WARN site/src/components/icon-preview/salt-icon-synonym.json row 177 (replay-10): synonym term 6 contains whitespace. Search normalization removes whitespace from the query, not stored terms; a full spaced phrase may not match this term.
WARN site/src/components/icon-preview/salt-icon-synonym.json row 178 (replay-15): synonym term 5 contains whitespace. Search normalization removes whitespace from the query, not stored terms; a full spaced phrase may not match this term.
WARN site/src/components/icon-preview/salt-icon-synonym.json row 85 (forward-10): synonym term 5 contains whitespace. Search normalization removes whitespace from the query, not stored terms; a full spaced phrase may not match this term.
WARN site/src/components/icon-preview/salt-icon-synonym.json row 85 (forward-10): synonym term 6 contains whitespace. Search normalization removes whitespace from the query, not stored terms; a full spaced phrase may not match this term.
WARN site/src/components/icon-preview/salt-icon-synonym.json row 86 (forward-15): synonym term 5 contains whitespace. Search normalization removes whitespace from the query, not stored terms; a full spaced phrase may not match this term.
WARN site/src/components/icon-preview/salt-icon-synonym.json row 99 (history): synonym term 4 contains whitespace. Search normalization removes whitespace from the query, not stored terms; a full spaced phrase may not match this term.
WARN site/src/components/icon-preview/salt-icon-synonym.json row 275 (sparkle-refresh): synonym term 4 contains whitespace. Search normalization removes whitespace from the query, not stored terms; a full spaced phrase may not match this term.

PASS: 11 requested meaning(s), 12 registered variant(s), 0 error(s), 8 warning(s).
Limits: registration checks only; no visual/semantic relevance, generated-geometry equivalence, or recipe execution checks. generate:icons and validate:icons own effective recipe and geometry validation.
Search normalization: the query is lowercased and whitespace is removed; stored synonym terms are not normalized. Hyphens are removed only when matching metadata iconName to component names; optional Solid and case-insensitive matching follow IconPreview.tsx.
