Generated 550 SVGs: 365 meanings, 185 solid variants, 16px master.
processing D:\Work\salt-ds\packages\icons\src\SVG\accessible_solid.svg to D:\Work\salt-ds\packages\icons\src\components\AccessibleSolid.tsx
processing D:\Work\salt-ds\packages\icons\src\SVG\accessible.svg to D:\Work\salt-ds\packages\icons\src\components\Accessible.tsx
processing D:\Work\salt-ds\packages\icons\src\SVG\add-document.svg to D:\Work\salt-ds\packages\icons\src\components\AddDocument.tsx
processing D:\Work\salt-ds\packages\icons\src\SVG\add-to-grid_solid.svg to D:\Work\salt-ds\packages\icons\src\components\AddToGridSolid.tsx
processing D:\Work\salt-ds\packages\icons\src\SVG\add-document_solid.svg to D:\Work\salt-ds\packages\icons\src\components\AddDocumentSolid.tsx
processing D:\Work\salt-ds\packages\icons\src\SVG\add-to-grid.svg to D:\Work\salt-ds\packages\icons\src\components\AddToGrid.tsx
processing D:\Work\salt-ds\packages\icons\src\SVG\api.svg to D:\Work\salt-ds\packages\icons\src\components\Api.tsx
processing D:\Work\salt-ds\packages\icons\src\SVG\add-user.svg to D:\Work\salt-ds\packages\icons\src\components\AddUser.tsx
processing D:\Work\salt-ds\packages\icons\src\SVG\add.svg to D:\Work\salt-ds\packages\icons\src\components\Add.tsx
processing D:\Work\salt-ds\packages\icons\src\SVG\app-switcher.svg to D:\Work\salt-ds\packages\icons\src\components\AppSwitcher.tsx
processing D:\Work\salt-ds\packages\icons\src\SVG\announcement.svg to D:\Work\salt-ds\packages\icons\src\components\Announcement.tsx
processing D:\Work\salt-ds\packages\icons\src\SVG\arrow-right.svg to D:\Work\salt-ds\packages\icons\src\components\ArrowRight.tsx
processing D:\Work\salt-ds\packages\icons\src\SVG\arrow-up.svg to D:\Work\salt-ds\packages\icons\src\components\ArrowUp.tsx
processing D:\Work\salt-ds\packages\icons\src\SVG\arrow-left.svg to D:\Work\salt-ds\packages\icons\src\components\ArrowLeft.tsx
processing D:\Work\salt-ds\packages\icons\src\SVG\bank_solid.svg to D:\Work\salt-ds\packages\icons\src\components\BankSolid.tsx
processing D:\Work\salt-ds\packages\icons\src\SVG\bank-check_solid.svg to D:\Work\salt-ds\packages\icons\src\components\BankCheckSolid.tsx
processing D:\Work\salt-ds\packages\icons\src\SVG\arrow-down.svg to D:\Work\salt-ds\packages\icons\src\components\ArrowDown.tsx
processing D:\Work\salt-ds\packages\icons\src\SVG\bank-check.svg to D:\Work\salt-ds\packages\icons\src\components\BankCheck.tsx
processing D:\Work\salt-ds\packages\icons\src\SVG\attach.svg to D:\Work\salt-ds\packages\icons\src\components\Attach.tsx
processing D:\Work\salt-ds\packages\icons\src\SVG\bank.svg to D:\Work\salt-ds\packages\icons\src\components\Bank.tsx
processing D:\Work\salt-ds\packages\icons\src\SVG\bar-chart.svg to D:\Work\salt-ds\packages\icons\src\components\BarChart.tsx
processing D:\Work\salt-ds\packages\icons\src\SVG\battery.svg to D:\Work\salt-ds\packages\icons\src\components\Battery.tsx
processing D:\Work\salt-ds\packages\icons\src\SVG\boolean_solid.svg to D:\Work\salt-ds\packages\icons\src\components\BooleanSolid.tsx
processing D:\Work\salt-ds\packages\icons\src\SVG\battery_solid.svg to D:\Work\salt-ds\packages\icons\src\components\BatterySolid.tsx
processing D:\Work\salt-ds\packages\icons\src\SVG\browser_solid.svg to D:\Work\salt-ds\packages\icons\src\components\BrowserSolid.tsx
processing D:\Work\salt-ds\packages\icons\src\SVG\bookmark.svg to D:\Work\salt-ds\packages\icons\src\components\Bookmark.tsx
processing D:\Work\salt-ds\packages\icons\src\SVG\browser.svg to D:\Work\salt-ds\packages\icons\src\components\Browser.tsx
processing D:\Work\salt-ds\packages\icons\src\SVG\bookmark_solid.svg to D:\Work\salt-ds\packages\icons\src\components\BookmarkSolid.tsx
processing D:\Work\salt-ds\packages\icons\src\SVG\boolean.svg to D:\Work\salt-ds\packages\icons\src\components\Boolean.tsx
processing D:\Work\salt-ds\packages\icons\src\SVG\build-report.svg to D:\Work\salt-ds\packages\icons\src\components\BuildReport.tsx
processing D:\Work\salt-ds\packages\icons\src\SVG\build-report_solid.svg to D:\Work\salt-ds\packages\icons\src\components\BuildReportSolid.tsx
processing D:\Work\salt-ds\packages\icons\src\SVG\building.svg to D:\Work\salt-ds\packages\icons\src\components\Building.tsx
processing D:\Work\salt-ds\packages\icons\src\SVG\building_solid.svg to D:\Work\salt-ds\packages\icons\src\components\BuildingSolid.tsx
processing D:\Work\salt-ds\packages\icons\src\SVG\buildings_solid.svg to D:\Work\salt-ds\packages\icons\src\components\BuildingsSolid.tsx
processing D:\Work\salt-ds\packages\icons\src\SVG\calculator_solid.svg to D:\Work\salt-ds\packages\icons\src\components\CalculatorSolid.tsx
processing D:\Work\salt-ds\packages\icons\src\SVG\buildings.svg to D:\Work\salt-ds\packages\icons\src\components\Buildings.tsx
processing D:\Work\salt-ds\packages\icons\src\SVG\calculator.svg to D:\Work\salt-ds\packages\icons\src\components\Calculator.tsx
processing D:\Work\salt-ds\packages\icons\src\SVG\calendar_solid.svg to D:\Work\salt-ds\packages\icons\src\components\CalendarSolid.tsx
processing D:\Work\salt-ds\packages\icons\src\SVG\call_solid.svg to D:\Work\salt-ds\packages\icons\src\components\CallSolid.tsx
processing D:\Work\salt-ds\packages\icons\src\SVG\calendar.svg to D:\Work\salt-ds\packages\icons\src\components\Calendar.tsx
processing D:\Work\salt-ds\packages\icons\src\SVG\cart.svg to D:\Work\salt-ds\packages\icons\src\components\Cart.tsx
processing D:\Work\salt-ds\packages\icons\src\SVG\cart_solid.svg to D:\Work\salt-ds\packages\icons\src\components\CartSolid.tsx
processing D:\Work\salt-ds\packages\icons\src\SVG\call.svg to D:\Work\salt-ds\packages\icons\src\components\Call.tsx
processing D:\Work\salt-ds\packages\icons\src\SVG\chart-area.svg to D:\Work\salt-ds\packages\icons\src\components\ChartArea.tsx
processing D:\Work\salt-ds\packages\icons\src\SVG\chart-box-plot.svg to D:\Work\salt-ds\packages\icons\src\components\ChartBoxPlot.tsx
processing D:\Work\salt-ds\packages\icons\src\SVG\chart-bubble.svg to D:\Work\salt-ds\packages\icons\src\components\ChartBubble.tsx
processing D:\Work\salt-ds\packages\icons\src\SVG\chart-bar.svg to D:\Work\salt-ds\packages\icons\src\components\ChartBar.tsx
processing D:\Work\salt-ds\packages\icons\src\SVG\chart-bubble_solid.svg to D:\Work\salt-ds\packages\icons\src\components\ChartBubbleSolid.tsx
processing D:\Work\salt-ds\packages\icons\src\SVG\chart-candlestick.svg to D:\Work\salt-ds\packages\icons\src\components\ChartCandlestick.tsx
processing D:\Work\salt-ds\packages\icons\src\SVG\chart-candlestick_solid.svg to D:\Work\salt-ds\packages\icons\src\components\ChartCandlestickSolid.tsx
processing D:\Work\salt-ds\packages\icons\src\SVG\chart-bullet.svg to D:\Work\salt-ds\packages\icons\src\components\ChartBullet.tsx
processing D:\Work\salt-ds\packages\icons\src\SVG\chart-donut.svg to D:\Work\salt-ds\packages\icons\src\components\ChartDonut.tsx
processing D:\Work\salt-ds\packages\icons\src\SVG\chart-column.svg to D:\Work\salt-ds\packages\icons\src\components\ChartColumn.tsx
processing D:\Work\salt-ds\packages\icons\src\SVG\chart-line.svg to D:\Work\salt-ds\packages\icons\src\components\ChartLine.tsx
processing D:\Work\salt-ds\packages\icons\src\SVG\chart-line_solid.svg to D:\Work\salt-ds\packages\icons\src\components\ChartLineSolid.tsx
processing D:\Work\salt-ds\packages\icons\src\SVG\chart-pie_solid.svg to D:\Work\salt-ds\packages\icons\src\components\ChartPieSolid.tsx
processing D:\Work\salt-ds\packages\icons\src\SVG\chart-pie.svg to D:\Work\salt-ds\packages\icons\src\components\ChartPie.tsx
processing D:\Work\salt-ds\packages\icons\src\SVG\chart-scatter_solid.svg to D:\Work\salt-ds\packages\icons\src\components\ChartScatterSolid.tsx
processing D:\Work\salt-ds\packages\icons\src\SVG\chart-stacked-bar.svg to D:\Work\salt-ds\packages\icons\src\components\ChartStackedBar.tsx
processing D:\Work\salt-ds\packages\icons\src\SVG\chart-scatter.svg to D:\Work\salt-ds\packages\icons\src\components\ChartScatter.tsx
processing D:\Work\salt-ds\packages\icons\src\SVG\chart-waterfall.svg to D:\Work\salt-ds\packages\icons\src\components\ChartWaterfall.tsx
processing D:\Work\salt-ds\packages\icons\src\SVG\chat_solid.svg to D:\Work\salt-ds\packages\icons\src\components\ChatSolid.tsx
processing D:\Work\salt-ds\packages\icons\src\SVG\chat.svg to D:\Work\salt-ds\packages\icons\src\components\Chat.tsx
processing D:\Work\salt-ds\packages\icons\src\SVG\chat-group.svg to D:\Work\salt-ds\packages\icons\src\components\ChatGroup.tsx
processing D:\Work\salt-ds\packages\icons\src\SVG\chatting.svg to D:\Work\salt-ds\packages\icons\src\components\Chatting.tsx
processing D:\Work\salt-ds\packages\icons\src\SVG\chat-group_solid.svg to D:\Work\salt-ds\packages\icons\src\components\ChatGroupSolid.tsx
processing D:\Work\salt-ds\packages\icons\src\SVG\checkmark.svg to D:\Work\salt-ds\packages\icons\src\components\Checkmark.tsx
processing D:\Work\salt-ds\packages\icons\src\SVG\chatting_solid.svg to D:\Work\salt-ds\packages\icons\src\components\ChattingSolid.tsx
processing D:\Work\salt-ds\packages\icons\src\SVG\checkmark_solid.svg to D:\Work\salt-ds\packages\icons\src\components\CheckmarkSolid.tsx
processing D:\Work\salt-ds\packages\icons\src\SVG\chevron-down.svg to D:\Work\salt-ds\packages\icons\src\components\ChevronDown.tsx
processing D:\Work\salt-ds\packages\icons\src\SVG\chevron-left.svg to D:\Work\salt-ds\packages\icons\src\components\ChevronLeft.tsx
processing D:\Work\salt-ds\packages\icons\src\SVG\clock_solid.svg to D:\Work\salt-ds\packages\icons\src\components\ClockSolid.tsx
processing D:\Work\salt-ds\packages\icons\src\SVG\chevron-right.svg to D:\Work\salt-ds\packages\icons\src\components\ChevronRight.tsx
processing D:\Work\salt-ds\packages\icons\src\SVG\chevron-up.svg to D:\Work\salt-ds\packages\icons\src\components\ChevronUp.tsx
processing D:\Work\salt-ds\packages\icons\src\SVG\clock.svg to D:\Work\salt-ds\packages\icons\src\components\Clock.tsx
processing D:\Work\salt-ds\packages\icons\src\SVG\clone.svg to D:\Work\salt-ds\packages\icons\src\components\Clone.tsx
processing D:\Work\salt-ds\packages\icons\src\SVG\closedcaption-disabled_solid.svg to D:\Work\salt-ds\packages\icons\src\components\ClosedcaptionDisabledSolid.tsx
processing D:\Work\salt-ds\packages\icons\src\SVG\closedcaption_solid.svg to D:\Work\salt-ds\packages\icons\src\components\ClosedcaptionSolid.tsx
processing D:\Work\salt-ds\packages\icons\src\SVG\close_small.svg to D:\Work\salt-ds\packages\icons\src\components\CloseSmall.tsx
processing D:\Work\salt-ds\packages\icons\src\SVG\closedcaption.svg to D:\Work\salt-ds\packages\icons\src\components\Closedcaption.tsx
processing D:\Work\salt-ds\packages\icons\src\SVG\closedcaption-disabled.svg to D:\Work\salt-ds\packages\icons\src\components\ClosedcaptionDisabled.tsx
processing D:\Work\salt-ds\packages\icons\src\SVG\cloud_solid.svg to D:\Work\salt-ds\packages\icons\src\components\CloudSolid.tsx
processing D:\Work\salt-ds\packages\icons\src\SVG\cloud-disabled_solid.svg to D:\Work\salt-ds\packages\icons\src\components\CloudDisabledSolid.tsx
processing D:\Work\salt-ds\packages\icons\src\SVG\close.svg to D:\Work\salt-ds\packages\icons\src\components\Close.tsx
processing D:\Work\salt-ds\packages\icons\src\SVG\cloud-download_solid.svg to D:\Work\salt-ds\packages\icons\src\components\CloudDownloadSolid.tsx
processing D:\Work\salt-ds\packages\icons\src\SVG\cloud-disabled.svg to D:\Work\salt-ds\packages\icons\src\components\CloudDisabled.tsx
processing D:\Work\salt-ds\packages\icons\src\SVG\cloud-success_solid.svg to D:\Work\salt-ds\packages\icons\src\components\CloudSuccessSolid.tsx
processing D:\Work\salt-ds\packages\icons\src\SVG\cloud-sync_solid.svg to D:\Work\salt-ds\packages\icons\src\components\CloudSyncSolid.tsx
processing D:\Work\salt-ds\packages\icons\src\SVG\cloud-download.svg to D:\Work\salt-ds\packages\icons\src\components\CloudDownload.tsx
processing D:\Work\salt-ds\packages\icons\src\SVG\cloud-sync.svg to D:\Work\salt-ds\packages\icons\src\components\CloudSync.tsx
processing D:\Work\salt-ds\packages\icons\src\SVG\cloud-upload_solid.svg to D:\Work\salt-ds\packages\icons\src\components\CloudUploadSolid.tsx
processing D:\Work\salt-ds\packages\icons\src\SVG\coffee_solid.svg to D:\Work\salt-ds\packages\icons\src\components\CoffeeSolid.tsx
processing D:\Work\salt-ds\packages\icons\src\SVG\cloud-success.svg to D:\Work\salt-ds\packages\icons\src\components\CloudSuccess.tsx
processing D:\Work\salt-ds\packages\icons\src\SVG\cloud-upload.svg to D:\Work\salt-ds\packages\icons\src\components\CloudUpload.tsx
processing D:\Work\salt-ds\packages\icons\src\SVG\cloud.svg to D:\Work\salt-ds\packages\icons\src\components\Cloud.tsx
processing D:\Work\salt-ds\packages\icons\src\SVG\coffee.svg to D:\Work\salt-ds\packages\icons\src\components\Coffee.tsx
processing D:\Work\salt-ds\packages\icons\src\SVG\collapse-all-horizontal.svg to D:\Work\salt-ds\packages\icons\src\components\CollapseAllHorizontal.tsx
processing D:\Work\salt-ds\packages\icons\src\SVG\collapse.svg to D:\Work\salt-ds\packages\icons\src\components\Collapse.tsx
processing D:\Work\salt-ds\packages\icons\src\SVG\collapse-all.svg to D:\Work\salt-ds\packages\icons\src\components\CollapseAll.tsx
processing D:\Work\salt-ds\packages\icons\src\SVG\column-chooser_solid.svg to D:\Work\salt-ds\packages\icons\src\components\ColumnChooserSolid.tsx
processing D:\Work\salt-ds\packages\icons\src\SVG\commentary_solid.svg to D:\Work\salt-ds\packages\icons\src\components\CommentarySolid.tsx
processing D:\Work\salt-ds\packages\icons\src\SVG\column-chooser.svg to D:\Work\salt-ds\packages\icons\src\components\ColumnChooser.tsx
processing D:\Work\salt-ds\packages\icons\src\SVG\compare_solid.svg to D:\Work\salt-ds\packages\icons\src\components\CompareSolid.tsx
processing D:\Work\salt-ds\packages\icons\src\SVG\compare.svg to D:\Work\salt-ds\packages\icons\src\components\Compare.tsx
processing D:\Work\salt-ds\packages\icons\src\SVG\commentary.svg to D:\Work\salt-ds\packages\icons\src\components\Commentary.tsx
processing D:\Work\salt-ds\packages\icons\src\SVG\cookie_solid.svg to D:\Work\salt-ds\packages\icons\src\components\CookieSolid.tsx
processing D:\Work\salt-ds\packages\icons\src\SVG\compass_solid.svg to D:\Work\salt-ds\packages\icons\src\components\CompassSolid.tsx
processing D:\Work\salt-ds\packages\icons\src\SVG\compass.svg to D:\Work\salt-ds\packages\icons\src\components\Compass.tsx
processing D:\Work\salt-ds\packages\icons\src\SVG\cookie.svg to D:\Work\salt-ds\packages\icons\src\components\Cookie.tsx
processing D:\Work\salt-ds\packages\icons\src\SVG\copy.svg to D:\Work\salt-ds\packages\icons\src\components\Copy.tsx
processing D:\Work\salt-ds\packages\icons\src\SVG\copy_solid.svg to D:\Work\salt-ds\packages\icons\src\components\CopySolid.tsx
processing D:\Work\salt-ds\packages\icons\src\SVG\credit-card.svg to D:\Work\salt-ds\packages\icons\src\components\CreditCard.tsx
processing D:\Work\salt-ds\packages\icons\src\SVG\credit-card_solid.svg to D:\Work\salt-ds\packages\icons\src\components\CreditCardSolid.tsx
processing D:\Work\salt-ds\packages\icons\src\SVG\crops_solid.svg to D:\Work\salt-ds\packages\icons\src\components\CropsSolid.tsx
processing D:\Work\salt-ds\packages\icons\src\SVG\crops.svg to D:\Work\salt-ds\packages\icons\src\components\Crops.tsx
processing D:\Work\salt-ds\packages\icons\src\SVG\csv_solid.svg to D:\Work\salt-ds\packages\icons\src\components\CsvSolid.tsx
processing D:\Work\salt-ds\packages\icons\src\SVG\csv.svg to D:\Work\salt-ds\packages\icons\src\components\Csv.tsx
processing D:\Work\salt-ds\packages\icons\src\SVG\currency_solid.svg to D:\Work\salt-ds\packages\icons\src\components\CurrencySolid.tsx
processing D:\Work\salt-ds\packages\icons\src\SVG\currency-exchange.svg to D:\Work\salt-ds\packages\icons\src\components\CurrencyExchange.tsx
processing D:\Work\salt-ds\packages\icons\src\SVG\cut.svg to D:\Work\salt-ds\packages\icons\src\components\Cut.tsx
processing D:\Work\salt-ds\packages\icons\src\SVG\dark.svg to D:\Work\salt-ds\packages\icons\src\components\Dark.tsx
processing D:\Work\salt-ds\packages\icons\src\SVG\currency.svg to D:\Work\salt-ds\packages\icons\src\components\Currency.tsx
processing D:\Work\salt-ds\packages\icons\src\SVG\dashboard.svg to D:\Work\salt-ds\packages\icons\src\components\Dashboard.tsx
processing D:\Work\salt-ds\packages\icons\src\SVG\dashboard_solid.svg to D:\Work\salt-ds\packages\icons\src\components\DashboardSolid.tsx
processing D:\Work\salt-ds\packages\icons\src\SVG\database_solid.svg to D:\Work\salt-ds\packages\icons\src\components\DatabaseSolid.tsx
processing D:\Work\salt-ds\packages\icons\src\SVG\dark_solid.svg to D:\Work\salt-ds\packages\icons\src\components\DarkSolid.tsx
processing D:\Work\salt-ds\packages\icons\src\SVG\database.svg to D:\Work\salt-ds\packages\icons\src\components\Database.tsx
processing D:\Work\salt-ds\packages\icons\src\SVG\dataset-manager.svg to D:\Work\salt-ds\packages\icons\src\components\DatasetManager.tsx
processing D:\Work\salt-ds\packages\icons\src\SVG\dataset-manager_solid.svg to D:\Work\salt-ds\packages\icons\src\components\DatasetManagerSolid.tsx
processing D:\Work\salt-ds\packages\icons\src\SVG\dataset.svg to D:\Work\salt-ds\packages\icons\src\components\Dataset.tsx
processing D:\Work\salt-ds\packages\icons\src\SVG\delete.svg to D:\Work\salt-ds\packages\icons\src\components\Delete.tsx
processing D:\Work\salt-ds\packages\icons\src\SVG\delete_solid.svg to D:\Work\salt-ds\packages\icons\src\components\DeleteSolid.tsx
processing D:\Work\salt-ds\packages\icons\src\SVG\devices.svg to D:\Work\salt-ds\packages\icons\src\components\Devices.tsx
processing D:\Work\salt-ds\packages\icons\src\SVG\devices_solid.svg to D:\Work\salt-ds\packages\icons\src\components\DevicesSolid.tsx
processing D:\Work\salt-ds\packages\icons\src\SVG\display_solid.svg to D:\Work\salt-ds\packages\icons\src\components\DisplaySolid.tsx
processing D:\Work\salt-ds\packages\icons\src\SVG\diamond.svg to D:\Work\salt-ds\packages\icons\src\components\Diamond.tsx
processing D:\Work\salt-ds\packages\icons\src\SVG\display.svg to D:\Work\salt-ds\packages\icons\src\components\Display.tsx
processing D:\Work\salt-ds\packages\icons\src\SVG\divide.svg to D:\Work\salt-ds\packages\icons\src\components\Divide.tsx
processing D:\Work\salt-ds\packages\icons\src\SVG\document-draft.svg to D:\Work\salt-ds\packages\icons\src\components\DocumentDraft.tsx
processing D:\Work\salt-ds\packages\icons\src\SVG\document-edit.svg to D:\Work\salt-ds\packages\icons\src\components\DocumentEdit.tsx
processing D:\Work\salt-ds\packages\icons\src\SVG\document-search.svg to D:\Work\salt-ds\packages\icons\src\components\DocumentSearch.tsx
processing D:\Work\salt-ds\packages\icons\src\SVG\document_solid.svg to D:\Work\salt-ds\packages\icons\src\components\DocumentSolid.tsx
processing D:\Work\salt-ds\packages\icons\src\SVG\document.svg to D:\Work\salt-ds\packages\icons\src\components\Document.tsx
processing D:\Work\salt-ds\packages\icons\src\SVG\double-chevron-down.svg to D:\Work\salt-ds\packages\icons\src\components\DoubleChevronDown.tsx
processing D:\Work\salt-ds\packages\icons\src\SVG\double-chevron-left.svg to D:\Work\salt-ds\packages\icons\src\components\DoubleChevronLeft.tsx
processing D:\Work\salt-ds\packages\icons\src\SVG\does-not-equal.svg to D:\Work\salt-ds\packages\icons\src\components\DoesNotEqual.tsx
processing D:\Work\salt-ds\packages\icons\src\SVG\double-chevron-right.svg to D:\Work\salt-ds\packages\icons\src\components\DoubleChevronRight.tsx
processing D:\Work\salt-ds\packages\icons\src\SVG\download.svg to D:\Work\salt-ds\packages\icons\src\components\Download.tsx
processing D:\Work\salt-ds\packages\icons\src\SVG\drag-row.svg to D:\Work\salt-ds\packages\icons\src\components\DragRow.tsx
processing D:\Work\salt-ds\packages\icons\src\SVG\edit_solid.svg to D:\Work\salt-ds\packages\icons\src\components\EditSolid.tsx
processing D:\Work\salt-ds\packages\icons\src\SVG\edit.svg to D:\Work\salt-ds\packages\icons\src\components\Edit.tsx
processing D:\Work\salt-ds\packages\icons\src\SVG\double-chevron-up.svg to D:\Work\salt-ds\packages\icons\src\components\DoubleChevronUp.tsx
processing D:\Work\salt-ds\packages\icons\src\SVG\equal.svg to D:\Work\salt-ds\packages\icons\src\components\Equal.tsx
processing D:\Work\salt-ds\packages\icons\src\SVG\error_solid.svg to D:\Work\salt-ds\packages\icons\src\components\ErrorSolid.tsx
processing D:\Work\salt-ds\packages\icons\src\SVG\error.svg to D:\Work\salt-ds\packages\icons\src\components\Error.tsx
processing D:\Work\salt-ds\packages\icons\src\SVG\expand.svg to D:\Work\salt-ds\packages\icons\src\components\Expand.tsx
processing D:\Work\salt-ds\packages\icons\src\SVG\expand-all.svg to D:\Work\salt-ds\packages\icons\src\components\ExpandAll.tsx
processing D:\Work\salt-ds\packages\icons\src\SVG\export_solid.svg to D:\Work\salt-ds\packages\icons\src\components\ExportSolid.tsx
processing D:\Work\salt-ds\packages\icons\src\SVG\expand-all-horizontal.svg to D:\Work\salt-ds\packages\icons\src\components\ExpandAllHorizontal.tsx
processing D:\Work\salt-ds\packages\icons\src\SVG\error-execute.svg to D:\Work\salt-ds\packages\icons\src\components\ErrorExecute.tsx
processing D:\Work\salt-ds\packages\icons\src\SVG\export.svg to D:\Work\salt-ds\packages\icons\src\components\Export.tsx
processing D:\Work\salt-ds\packages\icons\src\SVG\exponentiation.svg to D:\Work\salt-ds\packages\icons\src\components\Exponentiation.tsx
processing D:\Work\salt-ds\packages\icons\src\SVG\favorite_solid.svg to D:\Work\salt-ds\packages\icons\src\components\FavoriteSolid.tsx
processing D:\Work\salt-ds\packages\icons\src\SVG\favorite_strong.svg to D:\Work\salt-ds\packages\icons\src\components\FavoriteStrong.tsx
processing D:\Work\salt-ds\packages\icons\src\SVG\favorite-half.svg to D:\Work\salt-ds\packages\icons\src\components\FavoriteHalf.tsx
processing D:\Work\salt-ds\packages\icons\src\SVG\figma.svg to D:\Work\salt-ds\packages\icons\src\components\Figma.tsx
processing D:\Work\salt-ds\packages\icons\src\SVG\filter_solid.svg to D:\Work\salt-ds\packages\icons\src\components\FilterSolid.tsx
processing D:\Work\salt-ds\packages\icons\src\SVG\favorite.svg to D:\Work\salt-ds\packages\icons\src\components\Favorite.tsx
processing D:\Work\salt-ds\packages\icons\src\SVG\feedback.svg to D:\Work\salt-ds\packages\icons\src\components\Feedback.tsx
processing D:\Work\salt-ds\packages\icons\src\SVG\filter.svg to D:\Work\salt-ds\packages\icons\src\components\Filter.tsx
processing D:\Work\salt-ds\packages\icons\src\SVG\feedback_solid.svg to D:\Work\salt-ds\packages\icons\src\components\FeedbackSolid.tsx
processing D:\Work\salt-ds\packages\icons\src\SVG\filter-clear_solid.svg to D:\Work\salt-ds\packages\icons\src\components\FilterClearSolid.tsx
processing D:\Work\salt-ds\packages\icons\src\SVG\filter-clear.svg to D:\Work\salt-ds\packages\icons\src\components\FilterClear.tsx
processing D:\Work\salt-ds\packages\icons\src\SVG\flag.svg to D:\Work\salt-ds\packages\icons\src\components\Flag.tsx
processing D:\Work\salt-ds\packages\icons\src\SVG\first.svg to D:\Work\salt-ds\packages\icons\src\components\First.tsx
processing D:\Work\salt-ds\packages\icons\src\SVG\flag_solid.svg to D:\Work\salt-ds\packages\icons\src\components\FlagSolid.tsx
processing D:\Work\salt-ds\packages\icons\src\SVG\folder-closed_solid.svg to D:\Work\salt-ds\packages\icons\src\components\FolderClosedSolid.tsx
processing D:\Work\salt-ds\packages\icons\src\SVG\folder-closed.svg to D:\Work\salt-ds\packages\icons\src\components\FolderClosed.tsx
processing D:\Work\salt-ds\packages\icons\src\SVG\folder-open_solid.svg to D:\Work\salt-ds\packages\icons\src\components\FolderOpenSolid.tsx
processing D:\Work\salt-ds\packages\icons\src\SVG\forward-15.svg to D:\Work\salt-ds\packages\icons\src\components\Forward15.tsx
processing D:\Work\salt-ds\packages\icons\src\SVG\folder-open.svg to D:\Work\salt-ds\packages\icons\src\components\FolderOpen.tsx
processing D:\Work\salt-ds\packages\icons\src\SVG\forward-30.svg to D:\Work\salt-ds\packages\icons\src\components\Forward30.tsx
processing D:\Work\salt-ds\packages\icons\src\SVG\forward-5.svg to D:\Work\salt-ds\packages\icons\src\components\Forward5.tsx
processing D:\Work\salt-ds\packages\icons\src\SVG\globe.svg to D:\Work\salt-ds\packages\icons\src\components\Globe.tsx
processing D:\Work\salt-ds\packages\icons\src\SVG\forward-10.svg to D:\Work\salt-ds\packages\icons\src\components\Forward10.tsx
processing D:\Work\salt-ds\packages\icons\src\SVG\globe_solid.svg to D:\Work\salt-ds\packages\icons\src\components\GlobeSolid.tsx
processing D:\Work\salt-ds\packages\icons\src\SVG\greater-than-equal-to.svg to D:\Work\salt-ds\packages\icons\src\components\GreaterThanEqualTo.tsx
processing D:\Work\salt-ds\packages\icons\src\SVG\grid.svg to D:\Work\salt-ds\packages\icons\src\components\Grid.tsx
processing D:\Work\salt-ds\packages\icons\src\SVG\github.svg to D:\Work\salt-ds\packages\icons\src\components\Github.tsx
processing D:\Work\salt-ds\packages\icons\src\SVG\grid_solid.svg to D:\Work\salt-ds\packages\icons\src\components\GridSolid.tsx
processing D:\Work\salt-ds\packages\icons\src\SVG\group_solid.svg to D:\Work\salt-ds\packages\icons\src\components\GroupSolid.tsx
processing D:\Work\salt-ds\packages\icons\src\SVG\greater-than.svg to D:\Work\salt-ds\packages\icons\src\components\GreaterThan.tsx
processing D:\Work\salt-ds\packages\icons\src\SVG\group.svg to D:\Work\salt-ds\packages\icons\src\components\Group.tsx
processing D:\Work\salt-ds\packages\icons\src\SVG\growth.svg to D:\Work\salt-ds\packages\icons\src\components\Growth.tsx
processing D:\Work\salt-ds\packages\icons\src\SVG\guide-closed.svg to D:\Work\salt-ds\packages\icons\src\components\GuideClosed.tsx
processing D:\Work\salt-ds\packages\icons\src\SVG\guide-open.svg to D:\Work\salt-ds\packages\icons\src\components\GuideOpen.tsx
processing D:\Work\salt-ds\packages\icons\src\SVG\guide-closed_solid.svg to D:\Work\salt-ds\packages\icons\src\components\GuideClosedSolid.tsx
processing D:\Work\salt-ds\packages\icons\src\SVG\handshake.svg to D:\Work\salt-ds\packages\icons\src\components\Handshake.tsx
processing D:\Work\salt-ds\packages\icons\src\SVG\handshake_solid.svg to D:\Work\salt-ds\packages\icons\src\components\HandshakeSolid.tsx
processing D:\Work\salt-ds\packages\icons\src\SVG\guide-open_solid.svg to D:\Work\salt-ds\packages\icons\src\components\GuideOpenSolid.tsx
processing D:\Work\salt-ds\packages\icons\src\SVG\headphones_solid.svg to D:\Work\salt-ds\packages\icons\src\components\HeadphonesSolid.tsx
processing D:\Work\salt-ds\packages\icons\src\SVG\headphones.svg to D:\Work\salt-ds\packages\icons\src\components\Headphones.tsx
processing D:\Work\salt-ds\packages\icons\src\SVG\headphones-disabled.svg to D:\Work\salt-ds\packages\icons\src\components\HeadphonesDisabled.tsx
processing D:\Work\salt-ds\packages\icons\src\SVG\headphones-disabled_solid.svg to D:\Work\salt-ds\packages\icons\src\components\HeadphonesDisabledSolid.tsx
processing D:\Work\salt-ds\packages\icons\src\SVG\help_solid.svg to D:\Work\salt-ds\packages\icons\src\components\HelpSolid.tsx
processing D:\Work\salt-ds\packages\icons\src\SVG\help-circle_solid.svg to D:\Work\salt-ds\packages\icons\src\components\HelpCircleSolid.tsx
processing D:\Work\salt-ds\packages\icons\src\SVG\hidden_solid.svg to D:\Work\salt-ds\packages\icons\src\components\HiddenSolid.tsx
processing D:\Work\salt-ds\packages\icons\src\SVG\help.svg to D:\Work\salt-ds\packages\icons\src\components\Help.tsx
processing D:\Work\salt-ds\packages\icons\src\SVG\help-circle.svg to D:\Work\salt-ds\packages\icons\src\components\HelpCircle.tsx
processing D:\Work\salt-ds\packages\icons\src\SVG\hierarchy.svg to D:\Work\salt-ds\packages\icons\src\components\Hierarchy.tsx
processing D:\Work\salt-ds\packages\icons\src\SVG\hierarchy_solid.svg to D:\Work\salt-ds\packages\icons\src\components\HierarchySolid.tsx
processing D:\Work\salt-ds\packages\icons\src\SVG\holiday_solid.svg to D:\Work\salt-ds\packages\icons\src\components\HolidaySolid.tsx
processing D:\Work\salt-ds\packages\icons\src\SVG\home_solid.svg to D:\Work\salt-ds\packages\icons\src\components\HomeSolid.tsx
processing D:\Work\salt-ds\packages\icons\src\SVG\holiday.svg to D:\Work\salt-ds\packages\icons\src\components\Holiday.tsx
processing D:\Work\salt-ds\packages\icons\src\SVG\hidden.svg to D:\Work\salt-ds\packages\icons\src\components\Hidden.tsx
processing D:\Work\salt-ds\packages\icons\src\SVG\hospital_solid.svg to D:\Work\salt-ds\packages\icons\src\components\HospitalSolid.tsx
processing D:\Work\salt-ds\packages\icons\src\SVG\home.svg to D:\Work\salt-ds\packages\icons\src\components\Home.tsx
processing D:\Work\salt-ds\packages\icons\src\SVG\history.svg to D:\Work\salt-ds\packages\icons\src\components\History.tsx
processing D:\Work\salt-ds\packages\icons\src\SVG\hospital.svg to D:\Work\salt-ds\packages\icons\src\components\Hospital.tsx
processing D:\Work\salt-ds\packages\icons\src\SVG\image_solid.svg to D:\Work\salt-ds\packages\icons\src\components\ImageSolid.tsx
processing D:\Work\salt-ds\packages\icons\src\SVG\image.svg to D:\Work\salt-ds\packages\icons\src\components\Image.tsx
processing D:\Work\salt-ds\packages\icons\src\SVG\icon-figma.svg to D:\Work\salt-ds\packages\icons\src\components\IconFigma.tsx
processing D:\Work\salt-ds\packages\icons\src\SVG\import_solid.svg to D:\Work\salt-ds\packages\icons\src\components\ImportSolid.tsx
processing D:\Work\salt-ds\packages\icons\src\SVG\import.svg to D:\Work\salt-ds\packages\icons\src\components\Import.tsx
processing D:\Work\salt-ds\packages\icons\src\SVG\inbox_solid.svg to D:\Work\salt-ds\packages\icons\src\components\InboxSolid.tsx
processing D:\Work\salt-ds\packages\icons\src\SVG\inbox.svg to D:\Work\salt-ds\packages\icons\src\components\Inbox.tsx
processing D:\Work\salt-ds\packages\icons\src\SVG\jigsaw_solid.svg to D:\Work\salt-ds\packages\icons\src\components\JigsawSolid.tsx
processing D:\Work\salt-ds\packages\icons\src\SVG\indent.svg to D:\Work\salt-ds\packages\icons\src\components\Indent.tsx
processing D:\Work\salt-ds\packages\icons\src\SVG\infinite.svg to D:\Work\salt-ds\packages\icons\src\components\Infinite.tsx
processing D:\Work\salt-ds\packages\icons\src\SVG\info_solid.svg to D:\Work\salt-ds\packages\icons\src\components\InfoSolid.tsx
processing D:\Work\salt-ds\packages\icons\src\SVG\jigsaw.svg to D:\Work\salt-ds\packages\icons\src\components\Jigsaw.tsx
processing D:\Work\salt-ds\packages\icons\src\SVG\info.svg to D:\Work\salt-ds\packages\icons\src\components\Info.tsx
processing D:\Work\salt-ds\packages\icons\src\SVG\key_solid.svg to D:\Work\salt-ds\packages\icons\src\components\KeySolid.tsx
processing D:\Work\salt-ds\packages\icons\src\SVG\key-command.svg to D:\Work\salt-ds\packages\icons\src\components\KeyCommand.tsx
processing D:\Work\salt-ds\packages\icons\src\SVG\key-backspace.svg to D:\Work\salt-ds\packages\icons\src\components\KeyBackspace.tsx
processing D:\Work\salt-ds\packages\icons\src\SVG\key-control.svg to D:\Work\salt-ds\packages\icons\src\components\KeyControl.tsx
processing D:\Work\salt-ds\packages\icons\src\SVG\key-enter.svg to D:\Work\salt-ds\packages\icons\src\components\KeyEnter.tsx
processing D:\Work\salt-ds\packages\icons\src\SVG\key-capslock.svg to D:\Work\salt-ds\packages\icons\src\components\KeyCapslock.tsx
processing D:\Work\salt-ds\packages\icons\src\SVG\key-option.svg to D:\Work\salt-ds\packages\icons\src\components\KeyOption.tsx
processing D:\Work\salt-ds\packages\icons\src\SVG\key-tab.svg to D:\Work\salt-ds\packages\icons\src\components\KeyTab.tsx
processing D:\Work\salt-ds\packages\icons\src\SVG\key-shift.svg to D:\Work\salt-ds\packages\icons\src\components\KeyShift.tsx
processing D:\Work\salt-ds\packages\icons\src\SVG\laptop_solid.svg to D:\Work\salt-ds\packages\icons\src\components\LaptopSolid.tsx
processing D:\Work\salt-ds\packages\icons\src\SVG\last.svg to D:\Work\salt-ds\packages\icons\src\components\Last.tsx
processing D:\Work\salt-ds\packages\icons\src\SVG\layers_solid.svg to D:\Work\salt-ds\packages\icons\src\components\LayersSolid.tsx
processing D:\Work\salt-ds\packages\icons\src\SVG\key.svg to D:\Work\salt-ds\packages\icons\src\components\Key.tsx
processing D:\Work\salt-ds\packages\icons\src\SVG\layers.svg to D:\Work\salt-ds\packages\icons\src\components\Layers.tsx
processing D:\Work\salt-ds\packages\icons\src\SVG\laptop.svg to D:\Work\salt-ds\packages\icons\src\components\Laptop.tsx
processing D:\Work\salt-ds\packages\icons\src\SVG\less-than-equal-to.svg to D:\Work\salt-ds\packages\icons\src\components\LessThanEqualTo.tsx
processing D:\Work\salt-ds\packages\icons\src\SVG\light_solid.svg to D:\Work\salt-ds\packages\icons\src\components\LightSolid.tsx
processing D:\Work\salt-ds\packages\icons\src\SVG\light.svg to D:\Work\salt-ds\packages\icons\src\components\Light.tsx
processing D:\Work\salt-ds\packages\icons\src\SVG\less-than.svg to D:\Work\salt-ds\packages\icons\src\components\LessThan.tsx
processing D:\Work\salt-ds\packages\icons\src\SVG\lightbulb_solid.svg to D:\Work\salt-ds\packages\icons\src\components\LightbulbSolid.tsx
processing D:\Work\salt-ds\packages\icons\src\SVG\lightbulb.svg to D:\Work\salt-ds\packages\icons\src\components\Lightbulb.tsx
processing D:\Work\salt-ds\packages\icons\src\SVG\like_solid.svg to D:\Work\salt-ds\packages\icons\src\components\LikeSolid.tsx
processing D:\Work\salt-ds\packages\icons\src\SVG\like.svg to D:\Work\salt-ds\packages\icons\src\components\Like.tsx
processing D:\Work\salt-ds\packages\icons\src\SVG\line-chart_solid.svg to D:\Work\salt-ds\packages\icons\src\components\LineChartSolid.tsx
processing D:\Work\salt-ds\packages\icons\src\SVG\line-chart.svg to D:\Work\salt-ds\packages\icons\src\components\LineChart.tsx
processing D:\Work\salt-ds\packages\icons\src\SVG\linkedin_solid.svg to D:\Work\salt-ds\packages\icons\src\components\LinkedinSolid.tsx
processing D:\Work\salt-ds\packages\icons\src\SVG\linked.svg to D:\Work\salt-ds\packages\icons\src\components\Linked.tsx
processing D:\Work\salt-ds\packages\icons\src\SVG\linkedin.svg to D:\Work\salt-ds\packages\icons\src\components\Linkedin.tsx
processing D:\Work\salt-ds\packages\icons\src\SVG\list.svg to D:\Work\salt-ds\packages\icons\src\components\List.tsx
processing D:\Work\salt-ds\packages\icons\src\SVG\location_solid.svg to D:\Work\salt-ds\packages\icons\src\components\LocationSolid.tsx
processing D:\Work\salt-ds\packages\icons\src\SVG\location.svg to D:\Work\salt-ds\packages\icons\src\components\Location.tsx
processing D:\Work\salt-ds\packages\icons\src\SVG\locked_solid.svg to D:\Work\salt-ds\packages\icons\src\components\LockedSolid.tsx
processing D:\Work\salt-ds\packages\icons\src\SVG\loader.svg to D:\Work\salt-ds\packages\icons\src\components\Loader.tsx
processing D:\Work\salt-ds\packages\icons\src\SVG\locked.svg to D:\Work\salt-ds\packages\icons\src\components\Locked.tsx
processing D:\Work\salt-ds\packages\icons\src\SVG\maintenance.svg to D:\Work\salt-ds\packages\icons\src\components\Maintenance.tsx
processing D:\Work\salt-ds\packages\icons\src\SVG\magic-wand.svg to D:\Work\salt-ds\packages\icons\src\components\MagicWand.tsx
processing D:\Work\salt-ds\packages\icons\src\SVG\man_solid.svg to D:\Work\salt-ds\packages\icons\src\components\ManSolid.tsx
processing D:\Work\salt-ds\packages\icons\src\SVG\maintenance_solid.svg to D:\Work\salt-ds\packages\icons\src\components\MaintenanceSolid.tsx
processing D:\Work\salt-ds\packages\icons\src\SVG\man-woman_solid.svg to D:\Work\salt-ds\packages\icons\src\components\ManWomanSolid.tsx
processing D:\Work\salt-ds\packages\icons\src\SVG\map_solid.svg to D:\Work\salt-ds\packages\icons\src\components\MapSolid.tsx
processing D:\Work\salt-ds\packages\icons\src\SVG\man-woman.svg to D:\Work\salt-ds\packages\icons\src\components\ManWoman.tsx
processing D:\Work\salt-ds\packages\icons\src\SVG\map.svg to D:\Work\salt-ds\packages\icons\src\components\Map.tsx
processing D:\Work\salt-ds\packages\icons\src\SVG\man.svg to D:\Work\salt-ds\packages\icons\src\components\Man.tsx
processing D:\Work\salt-ds\packages\icons\src\SVG\marker_solid.svg to D:\Work\salt-ds\packages\icons\src\components\MarkerSolid.tsx
processing D:\Work\salt-ds\packages\icons\src\SVG\maximize_solid.svg to D:\Work\salt-ds\packages\icons\src\components\MaximizeSolid.tsx
processing D:\Work\salt-ds\packages\icons\src\SVG\maximize.svg to D:\Work\salt-ds\packages\icons\src\components\Maximize.tsx
processing D:\Work\salt-ds\packages\icons\src\SVG\marker.svg to D:\Work\salt-ds\packages\icons\src\components\Marker.tsx
processing D:\Work\salt-ds\packages\icons\src\SVG\medical-kit_solid.svg to D:\Work\salt-ds\packages\icons\src\components\MedicalKitSolid.tsx
processing D:\Work\salt-ds\packages\icons\src\SVG\medical-kit.svg to D:\Work\salt-ds\packages\icons\src\components\MedicalKit.tsx
processing D:\Work\salt-ds\packages\icons\src\SVG\message-forward.svg to D:\Work\salt-ds\packages\icons\src\components\MessageForward.tsx
processing D:\Work\salt-ds\packages\icons\src\SVG\message_solid.svg to D:\Work\salt-ds\packages\icons\src\components\MessageSolid.tsx
processing D:\Work\salt-ds\packages\icons\src\SVG\message-reply-all.svg to D:\Work\salt-ds\packages\icons\src\components\MessageReplyAll.tsx
processing D:\Work\salt-ds\packages\icons\src\SVG\micro-menu.svg to D:\Work\salt-ds\packages\icons\src\components\MicroMenu.tsx
processing D:\Work\salt-ds\packages\icons\src\SVG\message.svg to D:\Work\salt-ds\packages\icons\src\components\Message.tsx
processing D:\Work\salt-ds\packages\icons\src\SVG\microphone-disabled_solid.svg to D:\Work\salt-ds\packages\icons\src\components\MicrophoneDisabledSolid.tsx
processing D:\Work\salt-ds\packages\icons\src\SVG\message-reply.svg to D:\Work\salt-ds\packages\icons\src\components\MessageReply.tsx
processing D:\Work\salt-ds\packages\icons\src\SVG\menu.svg to D:\Work\salt-ds\packages\icons\src\components\Menu.tsx
processing D:\Work\salt-ds\packages\icons\src\SVG\microphone-disabled.svg to D:\Work\salt-ds\packages\icons\src\components\MicrophoneDisabled.tsx
processing D:\Work\salt-ds\packages\icons\src\SVG\microphone_solid.svg to D:\Work\salt-ds\packages\icons\src\components\MicrophoneSolid.tsx
processing D:\Work\salt-ds\packages\icons\src\SVG\minimize.svg to D:\Work\salt-ds\packages\icons\src\components\Minimize.tsx
processing D:\Work\salt-ds\packages\icons\src\SVG\microphone.svg to D:\Work\salt-ds\packages\icons\src\components\Microphone.tsx
processing D:\Work\salt-ds\packages\icons\src\SVG\mobile_solid.svg to D:\Work\salt-ds\packages\icons\src\components\MobileSolid.tsx
processing D:\Work\salt-ds\packages\icons\src\SVG\mobile.svg to D:\Work\salt-ds\packages\icons\src\components\Mobile.tsx
processing D:\Work\salt-ds\packages\icons\src\SVG\mouse.svg to D:\Work\salt-ds\packages\icons\src\components\Mouse.tsx
processing D:\Work\salt-ds\packages\icons\src\SVG\mouse_solid.svg to D:\Work\salt-ds\packages\icons\src\components\MouseSolid.tsx
processing D:\Work\salt-ds\packages\icons\src\SVG\move-all.svg to D:\Work\salt-ds\packages\icons\src\components\MoveAll.tsx
processing D:\Work\salt-ds\packages\icons\src\SVG\move-vertical.svg to D:\Work\salt-ds\packages\icons\src\components\MoveVertical.tsx
processing D:\Work\salt-ds\packages\icons\src\SVG\multiply.svg to D:\Work\salt-ds\packages\icons\src\components\Multiply.tsx
processing D:\Work\salt-ds\packages\icons\src\SVG\music_solid.svg to D:\Work\salt-ds\packages\icons\src\components\MusicSolid.tsx
processing D:\Work\salt-ds\packages\icons\src\SVG\music-disabled_solid.svg to D:\Work\salt-ds\packages\icons\src\components\MusicDisabledSolid.tsx
processing D:\Work\salt-ds\packages\icons\src\SVG\music-disabled.svg to D:\Work\salt-ds\packages\icons\src\components\MusicDisabled.tsx
processing D:\Work\salt-ds\packages\icons\src\SVG\move-horizontal.svg to D:\Work\salt-ds\packages\icons\src\components\MoveHorizontal.tsx
processing D:\Work\salt-ds\packages\icons\src\SVG\music.svg to D:\Work\salt-ds\packages\icons\src\components\Music.tsx
processing D:\Work\salt-ds\packages\icons\src\SVG\not-allowed.svg to D:\Work\salt-ds\packages\icons\src\components\NotAllowed.tsx
processing D:\Work\salt-ds\packages\icons\src\SVG\note_solid.svg to D:\Work\salt-ds\packages\icons\src\components\NoteSolid.tsx
processing D:\Work\salt-ds\packages\icons\src\SVG\notification_solid.svg to D:\Work\salt-ds\packages\icons\src\components\NotificationSolid.tsx
processing D:\Work\salt-ds\packages\icons\src\SVG\notification-read_solid.svg to D:\Work\salt-ds\packages\icons\src\components\NotificationReadSolid.tsx
processing D:\Work\salt-ds\packages\icons\src\SVG\note.svg to D:\Work\salt-ds\packages\icons\src\components\Note.tsx
processing D:\Work\salt-ds\packages\icons\src\SVG\notification-read.svg to D:\Work\salt-ds\packages\icons\src\components\NotificationRead.tsx
processing D:\Work\salt-ds\packages\icons\src\SVG\notification.svg to D:\Work\salt-ds\packages\icons\src\components\Notification.tsx
processing D:\Work\salt-ds\packages\icons\src\SVG\outdent.svg to D:\Work\salt-ds\packages\icons\src\components\Outdent.tsx
processing D:\Work\salt-ds\packages\icons\src\SVG\panel-close-bottom_solid.svg to D:\Work\salt-ds\packages\icons\src\components\PanelCloseBottomSolid.tsx
processing D:\Work\salt-ds\packages\icons\src\SVG\panel-close-left_solid.svg to D:\Work\salt-ds\packages\icons\src\components\PanelCloseLeftSolid.tsx
processing D:\Work\salt-ds\packages\icons\src\SVG\overflow-menu.svg to D:\Work\salt-ds\packages\icons\src\components\OverflowMenu.tsx
processing D:\Work\salt-ds\packages\icons\src\SVG\panel-close-bottom.svg to D:\Work\salt-ds\packages\icons\src\components\PanelCloseBottom.tsx
processing D:\Work\salt-ds\packages\icons\src\SVG\panel-close-left.svg to D:\Work\salt-ds\packages\icons\src\components\PanelCloseLeft.tsx
processing D:\Work\salt-ds\packages\icons\src\SVG\panel-close-right_solid.svg to D:\Work\salt-ds\packages\icons\src\components\PanelCloseRightSolid.tsx
processing D:\Work\salt-ds\packages\icons\src\SVG\panel-close-right.svg to D:\Work\salt-ds\packages\icons\src\components\PanelCloseRight.tsx
processing D:\Work\salt-ds\packages\icons\src\SVG\panel-close-top.svg to D:\Work\salt-ds\packages\icons\src\components\PanelCloseTop.tsx
processing D:\Work\salt-ds\packages\icons\src\SVG\panel-close-top_solid.svg to D:\Work\salt-ds\packages\icons\src\components\PanelCloseTopSolid.tsx
processing D:\Work\salt-ds\packages\icons\src\SVG\panel-open-right_solid.svg to D:\Work\salt-ds\packages\icons\src\components\PanelOpenRightSolid.tsx
processing D:\Work\salt-ds\packages\icons\src\SVG\panel-open-left_solid.svg to D:\Work\salt-ds\packages\icons\src\components\PanelOpenLeftSolid.tsx
processing D:\Work\salt-ds\packages\icons\src\SVG\panel-open-bottom_solid.svg to D:\Work\salt-ds\packages\icons\src\components\PanelOpenBottomSolid.tsx
processing D:\Work\salt-ds\packages\icons\src\SVG\panel-open-left.svg to D:\Work\salt-ds\packages\icons\src\components\PanelOpenLeft.tsx
processing D:\Work\salt-ds\packages\icons\src\SVG\panel-open-bottom.svg to D:\Work\salt-ds\packages\icons\src\components\PanelOpenBottom.tsx
processing D:\Work\salt-ds\packages\icons\src\SVG\panel-open-top_solid.svg to D:\Work\salt-ds\packages\icons\src\components\PanelOpenTopSolid.tsx
processing D:\Work\salt-ds\packages\icons\src\SVG\panel-open-right.svg to D:\Work\salt-ds\packages\icons\src\components\PanelOpenRight.tsx
processing D:\Work\salt-ds\packages\icons\src\SVG\panel-open-top.svg to D:\Work\salt-ds\packages\icons\src\components\PanelOpenTop.tsx
processing D:\Work\salt-ds\packages\icons\src\SVG\paste_solid.svg to D:\Work\salt-ds\packages\icons\src\components\PasteSolid.tsx
processing D:\Work\salt-ds\packages\icons\src\SVG\pause.svg to D:\Work\salt-ds\packages\icons\src\components\Pause.tsx
processing D:\Work\salt-ds\packages\icons\src\SVG\paste.svg to D:\Work\salt-ds\packages\icons\src\components\Paste.tsx
processing D:\Work\salt-ds\packages\icons\src\SVG\pause_solid.svg to D:\Work\salt-ds\packages\icons\src\components\PauseSolid.tsx
processing D:\Work\salt-ds\packages\icons\src\SVG\pdf_solid.svg to D:\Work\salt-ds\packages\icons\src\components\PdfSolid.tsx
processing D:\Work\salt-ds\packages\icons\src\SVG\pdf.svg to D:\Work\salt-ds\packages\icons\src\components\Pdf.tsx
processing D:\Work\salt-ds\packages\icons\src\SVG\percentage.svg to D:\Work\salt-ds\packages\icons\src\components\Percentage.tsx
processing D:\Work\salt-ds\packages\icons\src\SVG\picnic_solid.svg to D:\Work\salt-ds\packages\icons\src\components\PicnicSolid.tsx
processing D:\Work\salt-ds\packages\icons\src\SVG\picnic.svg to D:\Work\salt-ds\packages\icons\src\components\Picnic.tsx
processing D:\Work\salt-ds\packages\icons\src\SVG\pie-chart.svg to D:\Work\salt-ds\packages\icons\src\components\PieChart.tsx
processing D:\Work\salt-ds\packages\icons\src\SVG\pi.svg to D:\Work\salt-ds\packages\icons\src\components\Pi.tsx
processing D:\Work\salt-ds\packages\icons\src\SVG\pin_solid.svg to D:\Work\salt-ds\packages\icons\src\components\PinSolid.tsx
processing D:\Work\salt-ds\packages\icons\src\SVG\pivot_solid.svg to D:\Work\salt-ds\packages\icons\src\components\PivotSolid.tsx
processing D:\Work\salt-ds\packages\icons\src\SVG\place-in.svg to D:\Work\salt-ds\packages\icons\src\components\PlaceIn.tsx
processing D:\Work\salt-ds\packages\icons\src\SVG\pin.svg to D:\Work\salt-ds\packages\icons\src\components\Pin.tsx
processing D:\Work\salt-ds\packages\icons\src\SVG\play_solid.svg to D:\Work\salt-ds\packages\icons\src\components\PlaySolid.tsx
processing D:\Work\salt-ds\packages\icons\src\SVG\pivot.svg to D:\Work\salt-ds\packages\icons\src\components\Pivot.tsx
processing D:\Work\salt-ds\packages\icons\src\SVG\play.svg to D:\Work\salt-ds\packages\icons\src\components\Play.tsx
processing D:\Work\salt-ds\packages\icons\src\SVG\presentation_solid.svg to D:\Work\salt-ds\packages\icons\src\components\PresentationSolid.tsx
processing D:\Work\salt-ds\packages\icons\src\SVG\pot-food_solid.svg to D:\Work\salt-ds\packages\icons\src\components\PotFoodSolid.tsx
processing D:\Work\salt-ds\packages\icons\src\SVG\policy.svg to D:\Work\salt-ds\packages\icons\src\components\Policy.tsx
processing D:\Work\salt-ds\packages\icons\src\SVG\presentation.svg to D:\Work\salt-ds\packages\icons\src\components\Presentation.tsx
processing D:\Work\salt-ds\packages\icons\src\SVG\pot-food.svg to D:\Work\salt-ds\packages\icons\src\components\PotFood.tsx
processing D:\Work\salt-ds\packages\icons\src\SVG\price-ladder.svg to D:\Work\salt-ds\packages\icons\src\components\PriceLadder.tsx
processing D:\Work\salt-ds\packages\icons\src\SVG\print_solid.svg to D:\Work\salt-ds\packages\icons\src\components\PrintSolid.tsx
processing D:\Work\salt-ds\packages\icons\src\SVG\print.svg to D:\Work\salt-ds\packages\icons\src\components\Print.tsx
processing D:\Work\salt-ds\packages\icons\src\SVG\progress-closed.svg to D:\Work\salt-ds\packages\icons\src\components\ProgressClosed.tsx
processing D:\Work\salt-ds\packages\icons\src\SVG\progress-cancelled.svg to D:\Work\salt-ds\packages\icons\src\components\ProgressCancelled.tsx
processing D:\Work\salt-ds\packages\icons\src\SVG\progress-inprogress.svg to D:\Work\salt-ds\packages\icons\src\components\ProgressInprogress.tsx
processing D:\Work\salt-ds\packages\icons\src\SVG\progress-complete.svg to D:\Work\salt-ds\packages\icons\src\components\ProgressComplete.tsx
processing D:\Work\salt-ds\packages\icons\src\SVG\progress-onhold.svg to D:\Work\salt-ds\packages\icons\src\components\ProgressOnhold.tsx
processing D:\Work\salt-ds\packages\icons\src\SVG\progress-draft.svg to D:\Work\salt-ds\packages\icons\src\components\ProgressDraft.tsx
processing D:\Work\salt-ds\packages\icons\src\SVG\protection_solid.svg to D:\Work\salt-ds\packages\icons\src\components\ProtectionSolid.tsx
processing D:\Work\salt-ds\packages\icons\src\SVG\protection.svg to D:\Work\salt-ds\packages\icons\src\components\Protection.tsx
processing D:\Work\salt-ds\packages\icons\src\SVG\progress-todo.svg to D:\Work\salt-ds\packages\icons\src\components\ProgressTodo.tsx
processing D:\Work\salt-ds\packages\icons\src\SVG\progress-pending.svg to D:\Work\salt-ds\packages\icons\src\components\ProgressPending.tsx
processing D:\Work\salt-ds\packages\icons\src\SVG\progress-rejected.svg to D:\Work\salt-ds\packages\icons\src\components\ProgressRejected.tsx
processing D:\Work\salt-ds\packages\icons\src\SVG\receipt.svg to D:\Work\salt-ds\packages\icons\src\components\Receipt.tsx
processing D:\Work\salt-ds\packages\icons\src\SVG\receipt_solid.svg to D:\Work\salt-ds\packages\icons\src\components\ReceiptSolid.tsx
processing D:\Work\salt-ds\packages\icons\src\SVG\redo.svg to D:\Work\salt-ds\packages\icons\src\components\Redo.tsx
processing D:\Work\salt-ds\packages\icons\src\SVG\remove-bookmark.svg to D:\Work\salt-ds\packages\icons\src\components\RemoveBookmark.tsx
processing D:\Work\salt-ds\packages\icons\src\SVG\refresh.svg to D:\Work\salt-ds\packages\icons\src\components\Refresh.tsx
processing D:\Work\salt-ds\packages\icons\src\SVG\remove-bookmark_solid.svg to D:\Work\salt-ds\packages\icons\src\components\RemoveBookmarkSolid.tsx
processing D:\Work\salt-ds\packages\icons\src\SVG\replay-15.svg to D:\Work\salt-ds\packages\icons\src\components\Replay15.tsx
processing D:\Work\salt-ds\packages\icons\src\SVG\remove-document_solid.svg to D:\Work\salt-ds\packages\icons\src\components\RemoveDocumentSolid.tsx
processing D:\Work\salt-ds\packages\icons\src\SVG\remove-document.svg to D:\Work\salt-ds\packages\icons\src\components\RemoveDocument.tsx
processing D:\Work\salt-ds\packages\icons\src\SVG\remove.svg to D:\Work\salt-ds\packages\icons\src\components\Remove.tsx
processing D:\Work\salt-ds\packages\icons\src\SVG\remove-user.svg to D:\Work\salt-ds\packages\icons\src\components\RemoveUser.tsx
processing D:\Work\salt-ds\packages\icons\src\SVG\replay-10.svg to D:\Work\salt-ds\packages\icons\src\components\Replay10.tsx
processing D:\Work\salt-ds\packages\icons\src\SVG\replay-30.svg to D:\Work\salt-ds\packages\icons\src\components\Replay30.tsx
processing D:\Work\salt-ds\packages\icons\src\SVG\replay-5.svg to D:\Work\salt-ds\packages\icons\src\components\Replay5.tsx
processing D:\Work\salt-ds\packages\icons\src\SVG\restore.svg to D:\Work\salt-ds\packages\icons\src\components\Restore.tsx
processing D:\Work\salt-ds\packages\icons\src\SVG\salt-shaker_solid.svg to D:\Work\salt-ds\packages\icons\src\components\SaltShakerSolid.tsx
processing D:\Work\salt-ds\packages\icons\src\SVG\run-report_solid.svg to D:\Work\salt-ds\packages\icons\src\components\RunReportSolid.tsx
processing D:\Work\salt-ds\packages\icons\src\SVG\run-report.svg to D:\Work\salt-ds\packages\icons\src\components\RunReport.tsx
processing D:\Work\salt-ds\packages\icons\src\SVG\salt-shaker.svg to D:\Work\salt-ds\packages\icons\src\components\SaltShaker.tsx
processing D:\Work\salt-ds\packages\icons\src\SVG\save.svg to D:\Work\salt-ds\packages\icons\src\components\Save.tsx
processing D:\Work\salt-ds\packages\icons\src\SVG\save_solid.svg to D:\Work\salt-ds\packages\icons\src\components\SaveSolid.tsx
processing D:\Work\salt-ds\packages\icons\src\SVG\scales_solid.svg to D:\Work\salt-ds\packages\icons\src\components\ScalesSolid.tsx
processing D:\Work\salt-ds\packages\icons\src\SVG\scales.svg to D:\Work\salt-ds\packages\icons\src\components\Scales.tsx
processing D:\Work\salt-ds\packages\icons\src\SVG\schedule-time_solid.svg to D:\Work\salt-ds\packages\icons\src\components\ScheduleTimeSolid.tsx
processing D:\Work\salt-ds\packages\icons\src\SVG\school_solid.svg to D:\Work\salt-ds\packages\icons\src\components\SchoolSolid.tsx
processing D:\Work\salt-ds\packages\icons\src\SVG\schedule-time.svg to D:\Work\salt-ds\packages\icons\src\components\ScheduleTime.tsx
processing D:\Work\salt-ds\packages\icons\src\SVG\school.svg to D:\Work\salt-ds\packages\icons\src\components\School.tsx
processing D:\Work\salt-ds\packages\icons\src\SVG\schedule.svg to D:\Work\salt-ds\packages\icons\src\components\Schedule.tsx
processing D:\Work\salt-ds\packages\icons\src\SVG\search_solid.svg to D:\Work\salt-ds\packages\icons\src\components\SearchSolid.tsx
processing D:\Work\salt-ds\packages\icons\src\SVG\search.svg to D:\Work\salt-ds\packages\icons\src\components\Search.tsx
processing D:\Work\salt-ds\packages\icons\src\SVG\semantic-dissatisfied.svg to D:\Work\salt-ds\packages\icons\src\components\SemanticDissatisfied.tsx
processing D:\Work\salt-ds\packages\icons\src\SVG\semantic-dissatisfied_solid.svg to D:\Work\salt-ds\packages\icons\src\components\SemanticDissatisfiedSolid.tsx
processing D:\Work\salt-ds\packages\icons\src\SVG\semantic-neutral_solid.svg to D:\Work\salt-ds\packages\icons\src\components\SemanticNeutralSolid.tsx
processing D:\Work\salt-ds\packages\icons\src\SVG\semantic-neutral.svg to D:\Work\salt-ds\packages\icons\src\components\SemanticNeutral.tsx
processing D:\Work\salt-ds\packages\icons\src\SVG\semantic-satisfied_solid.svg to D:\Work\salt-ds\packages\icons\src\components\SemanticSatisfiedSolid.tsx
processing D:\Work\salt-ds\packages\icons\src\SVG\semantic-satisfied.svg to D:\Work\salt-ds\packages\icons\src\components\SemanticSatisfied.tsx
processing D:\Work\salt-ds\packages\icons\src\SVG\semantic-very-dissatisfied_solid.svg to D:\Work\salt-ds\packages\icons\src\components\SemanticVeryDissatisfiedSolid.tsx
processing D:\Work\salt-ds\packages\icons\src\SVG\semantic-very-satisfied.svg to D:\Work\salt-ds\packages\icons\src\components\SemanticVerySatisfied.tsx
processing D:\Work\salt-ds\packages\icons\src\SVG\semantic-very-dissatisfied.svg to D:\Work\salt-ds\packages\icons\src\components\SemanticVeryDissatisfied.tsx
processing D:\Work\salt-ds\packages\icons\src\SVG\semantic-very-satisfied_solid.svg to D:\Work\salt-ds\packages\icons\src\components\SemanticVerySatisfiedSolid.tsx
processing D:\Work\salt-ds\packages\icons\src\SVG\send_solid.svg to D:\Work\salt-ds\packages\icons\src\components\SendSolid.tsx
processing D:\Work\salt-ds\packages\icons\src\SVG\settings_solid.svg to D:\Work\salt-ds\packages\icons\src\components\SettingsSolid.tsx
processing D:\Work\salt-ds\packages\icons\src\SVG\settings.svg to D:\Work\salt-ds\packages\icons\src\components\Settings.tsx
processing D:\Work\salt-ds\packages\icons\src\SVG\send.svg to D:\Work\salt-ds\packages\icons\src\components\Send.tsx
processing D:\Work\salt-ds\packages\icons\src\SVG\share_solid.svg to D:\Work\salt-ds\packages\icons\src\components\ShareSolid.tsx
processing D:\Work\salt-ds\packages\icons\src\SVG\share.svg to D:\Work\salt-ds\packages\icons\src\components\Share.tsx
processing D:\Work\salt-ds\packages\icons\src\SVG\signal.svg to D:\Work\salt-ds\packages\icons\src\components\Signal.tsx
processing D:\Work\salt-ds\packages\icons\src\SVG\signature.svg to D:\Work\salt-ds\packages\icons\src\components\Signature.tsx
processing D:\Work\salt-ds\packages\icons\src\SVG\slide.svg to D:\Work\salt-ds\packages\icons\src\components\Slide.tsx
processing D:\Work\salt-ds\packages\icons\src\SVG\signpost_solid.svg to D:\Work\salt-ds\packages\icons\src\components\SignpostSolid.tsx
processing D:\Work\salt-ds\packages\icons\src\SVG\signpost.svg to D:\Work\salt-ds\packages\icons\src\components\Signpost.tsx
processing D:\Work\salt-ds\packages\icons\src\SVG\slide_solid.svg to D:\Work\salt-ds\packages\icons\src\components\SlideSolid.tsx
processing D:\Work\salt-ds\packages\icons\src\SVG\sort-alpha-ascend.svg to D:\Work\salt-ds\packages\icons\src\components\SortAlphaAscend.tsx
processing D:\Work\salt-ds\packages\icons\src\SVG\sort-alpha-descend.svg to D:\Work\salt-ds\packages\icons\src\components\SortAlphaDescend.tsx
processing D:\Work\salt-ds\packages\icons\src\SVG\sort-descend.svg to D:\Work\salt-ds\packages\icons\src\components\SortDescend.tsx
processing D:\Work\salt-ds\packages\icons\src\SVG\sort-num-ascend.svg to D:\Work\salt-ds\packages\icons\src\components\SortNumAscend.tsx
processing D:\Work\salt-ds\packages\icons\src\SVG\sort-ascend.svg to D:\Work\salt-ds\packages\icons\src\components\SortAscend.tsx
processing D:\Work\salt-ds\packages\icons\src\SVG\sort.svg to D:\Work\salt-ds\packages\icons\src\components\Sort.tsx
processing D:\Work\salt-ds\packages\icons\src\SVG\sort-num-descend.svg to D:\Work\salt-ds\packages\icons\src\components\SortNumDescend.tsx
processing D:\Work\salt-ds\packages\icons\src\SVG\sortable-num.svg to D:\Work\salt-ds\packages\icons\src\components\SortableNum.tsx
processing D:\Work\salt-ds\packages\icons\src\SVG\sortable-alpha.svg to D:\Work\salt-ds\packages\icons\src\components\SortableAlpha.tsx
processing D:\Work\salt-ds\packages\icons\src\SVG\sparkle-refresh_solid.svg to D:\Work\salt-ds\packages\icons\src\components\SparkleRefreshSolid.tsx
processing D:\Work\salt-ds\packages\icons\src\SVG\sparkle.svg to D:\Work\salt-ds\packages\icons\src\components\Sparkle.tsx
processing D:\Work\salt-ds\packages\icons\src\SVG\sparkle_solid.svg to D:\Work\salt-ds\packages\icons\src\components\SparkleSolid.tsx
processing D:\Work\salt-ds\packages\icons\src\SVG\step-active.svg to D:\Work\salt-ds\packages\icons\src\components\StepActive.tsx
processing D:\Work\salt-ds\packages\icons\src\SVG\split-view.svg to D:\Work\salt-ds\packages\icons\src\components\SplitView.tsx
processing D:\Work\salt-ds\packages\icons\src\SVG\square-root.svg to D:\Work\salt-ds\packages\icons\src\components\SquareRoot.tsx
processing D:\Work\salt-ds\packages\icons\src\SVG\stackoverflow.svg to D:\Work\salt-ds\packages\icons\src\components\Stackoverflow.tsx
processing D:\Work\salt-ds\packages\icons\src\SVG\sparkle-refresh.svg to D:\Work\salt-ds\packages\icons\src\components\SparkleRefresh.tsx
processing D:\Work\salt-ds\packages\icons\src\SVG\stethoscope_solid.svg to D:\Work\salt-ds\packages\icons\src\components\StethoscopeSolid.tsx
processing D:\Work\salt-ds\packages\icons\src\SVG\step-default.svg to D:\Work\salt-ds\packages\icons\src\components\StepDefault.tsx
processing D:\Work\salt-ds\packages\icons\src\SVG\step-success.svg to D:\Work\salt-ds\packages\icons\src\components\StepSuccess.tsx
processing D:\Work\salt-ds\packages\icons\src\SVG\stethoscope.svg to D:\Work\salt-ds\packages\icons\src\components\Stethoscope.tsx
processing D:\Work\salt-ds\packages\icons\src\SVG\stop_solid.svg to D:\Work\salt-ds\packages\icons\src\components\StopSolid.tsx
processing D:\Work\salt-ds\packages\icons\src\SVG\storage_solid.svg to D:\Work\salt-ds\packages\icons\src\components\StorageSolid.tsx
processing D:\Work\salt-ds\packages\icons\src\SVG\stop.svg to D:\Work\salt-ds\packages\icons\src\components\Stop.tsx
processing D:\Work\salt-ds\packages\icons\src\SVG\storage.svg to D:\Work\salt-ds\packages\icons\src\components\Storage.tsx
processing D:\Work\salt-ds\packages\icons\src\SVG\storefront_solid.svg to D:\Work\salt-ds\packages\icons\src\components\StorefrontSolid.tsx
processing D:\Work\salt-ds\packages\icons\src\SVG\storefront.svg to D:\Work\salt-ds\packages\icons\src\components\Storefront.tsx
processing D:\Work\salt-ds\packages\icons\src\SVG\string-number.svg to D:\Work\salt-ds\packages\icons\src\components\StringNumber.tsx
processing D:\Work\salt-ds\packages\icons\src\SVG\success_small_solid.svg to D:\Work\salt-ds\packages\icons\src\components\SuccessSmallSolid.tsx
processing D:\Work\salt-ds\packages\icons\src\SVG\string-text.svg to D:\Work\salt-ds\packages\icons\src\components\StringText.tsx
processing D:\Work\salt-ds\packages\icons\src\SVG\success_small.svg to D:\Work\salt-ds\packages\icons\src\components\SuccessSmall.tsx
processing D:\Work\salt-ds\packages\icons\src\SVG\success_solid.svg to D:\Work\salt-ds\packages\icons\src\components\SuccessSolid.tsx
processing D:\Work\salt-ds\packages\icons\src\SVG\success-circle_solid.svg to D:\Work\salt-ds\packages\icons\src\components\SuccessCircleSolid.tsx
processing D:\Work\salt-ds\packages\icons\src\SVG\success-circle.svg to D:\Work\salt-ds\packages\icons\src\components\SuccessCircle.tsx
processing D:\Work\salt-ds\packages\icons\src\SVG\success.svg to D:\Work\salt-ds\packages\icons\src\components\Success.tsx
processing D:\Work\salt-ds\packages\icons\src\SVG\sum_solid.svg to D:\Work\salt-ds\packages\icons\src\components\SumSolid.tsx
processing D:\Work\salt-ds\packages\icons\src\SVG\symphony.svg to D:\Work\salt-ds\packages\icons\src\components\Symphony.tsx
processing D:\Work\salt-ds\packages\icons\src\SVG\success-tick.svg to D:\Work\salt-ds\packages\icons\src\components\SuccessTick.tsx
processing D:\Work\salt-ds\packages\icons\src\SVG\sum.svg to D:\Work\salt-ds\packages\icons\src\components\Sum.tsx
processing D:\Work\salt-ds\packages\icons\src\SVG\swap.svg to D:\Work\salt-ds\packages\icons\src\components\Swap.tsx
processing D:\Work\salt-ds\packages\icons\src\SVG\sync.svg to D:\Work\salt-ds\packages\icons\src\components\Sync.tsx
processing D:\Work\salt-ds\packages\icons\src\SVG\tag-clear_solid.svg to D:\Work\salt-ds\packages\icons\src\components\TagClearSolid.tsx
processing D:\Work\salt-ds\packages\icons\src\SVG\summarize.svg to D:\Work\salt-ds\packages\icons\src\components\Summarize.tsx
processing D:\Work\salt-ds\packages\icons\src\SVG\tag_solid.svg to D:\Work\salt-ds\packages\icons\src\components\TagSolid.tsx
processing D:\Work\salt-ds\packages\icons\src\SVG\tag-clear.svg to D:\Work\salt-ds\packages\icons\src\components\TagClear.tsx
processing D:\Work\salt-ds\packages\icons\src\SVG\tails_solid.svg to D:\Work\salt-ds\packages\icons\src\components\TailsSolid.tsx
processing D:\Work\salt-ds\packages\icons\src\SVG\tag.svg to D:\Work\salt-ds\packages\icons\src\components\Tag.tsx
processing D:\Work\salt-ds\packages\icons\src\SVG\tear-out.svg to D:\Work\salt-ds\packages\icons\src\components\TearOut.tsx
processing D:\Work\salt-ds\packages\icons\src\SVG\target.svg to D:\Work\salt-ds\packages\icons\src\components\Target.tsx
processing D:\Work\salt-ds\packages\icons\src\SVG\text-align-justify.svg to D:\Work\salt-ds\packages\icons\src\components\TextAlignJustify.tsx
processing D:\Work\salt-ds\packages\icons\src\SVG\tails.svg to D:\Work\salt-ds\packages\icons\src\components\Tails.tsx
processing D:\Work\salt-ds\packages\icons\src\SVG\text-align-left.svg to D:\Work\salt-ds\packages\icons\src\components\TextAlignLeft.tsx
processing D:\Work\salt-ds\packages\icons\src\SVG\text-align-right.svg to D:\Work\salt-ds\packages\icons\src\components\TextAlignRight.tsx
processing D:\Work\salt-ds\packages\icons\src\SVG\text-bold.svg to D:\Work\salt-ds\packages\icons\src\components\TextBold.tsx
processing D:\Work\salt-ds\packages\icons\src\SVG\text-align-center.svg to D:\Work\salt-ds\packages\icons\src\components\TextAlignCenter.tsx
processing D:\Work\salt-ds\packages\icons\src\SVG\text-color.svg to D:\Work\salt-ds\packages\icons\src\components\TextColor.tsx
processing D:\Work\salt-ds\packages\icons\src\SVG\text-highlight.svg to D:\Work\salt-ds\packages\icons\src\components\TextHighlight.tsx
processing D:\Work\salt-ds\packages\icons\src\SVG\text-italics.svg to D:\Work\salt-ds\packages\icons\src\components\TextItalics.tsx
processing D:\Work\salt-ds\packages\icons\src\SVG\text-underline.svg to D:\Work\salt-ds\packages\icons\src\components\TextUnderline.tsx
processing D:\Work\salt-ds\packages\icons\src\SVG\text-strikethrough.svg to D:\Work\salt-ds\packages\icons\src\components\TextStrikethrough.tsx
processing D:\Work\salt-ds\packages\icons\src\SVG\text-ordered-list.svg to D:\Work\salt-ds\packages\icons\src\components\TextOrderedList.tsx
processing D:\Work\salt-ds\packages\icons\src\SVG\text-unordered-list.svg to D:\Work\salt-ds\packages\icons\src\components\TextUnorderedList.tsx
processing D:\Work\salt-ds\packages\icons\src\SVG\thumbs-down_solid.svg to D:\Work\salt-ds\packages\icons\src\components\ThumbsDownSolid.tsx
processing D:\Work\salt-ds\packages\icons\src\SVG\thumbs-down.svg to D:\Work\salt-ds\packages\icons\src\components\ThumbsDown.tsx
processing D:\Work\salt-ds\packages\icons\src\SVG\tote_solid.svg to D:\Work\salt-ds\packages\icons\src\components\ToteSolid.tsx
processing D:\Work\salt-ds\packages\icons\src\SVG\thumbs-up_solid.svg to D:\Work\salt-ds\packages\icons\src\components\ThumbsUpSolid.tsx
processing D:\Work\salt-ds\packages\icons\src\SVG\thumbs-up.svg to D:\Work\salt-ds\packages\icons\src\components\ThumbsUp.tsx
processing D:\Work\salt-ds\packages\icons\src\SVG\tote.svg to D:\Work\salt-ds\packages\icons\src\components\Tote.tsx
processing D:\Work\salt-ds\packages\icons\src\SVG\travel_solid.svg to D:\Work\salt-ds\packages\icons\src\components\TravelSolid.tsx
processing D:\Work\salt-ds\packages\icons\src\SVG\tree.svg to D:\Work\salt-ds\packages\icons\src\components\Tree.tsx
processing D:\Work\salt-ds\packages\icons\src\SVG\travel.svg to D:\Work\salt-ds\packages\icons\src\components\Travel.tsx
processing D:\Work\salt-ds\packages\icons\src\SVG\tree_solid.svg to D:\Work\salt-ds\packages\icons\src\components\TreeSolid.tsx
processing D:\Work\salt-ds\packages\icons\src\SVG\triangle-left.svg to D:\Work\salt-ds\packages\icons\src\components\TriangleLeft.tsx
processing D:\Work\salt-ds\packages\icons\src\SVG\triangle-down.svg to D:\Work\salt-ds\packages\icons\src\components\TriangleDown.tsx
processing D:\Work\salt-ds\packages\icons\src\SVG\triangle-up.svg to D:\Work\salt-ds\packages\icons\src\components\TriangleUp.tsx
processing D:\Work\salt-ds\packages\icons\src\SVG\triangle-right.svg to D:\Work\salt-ds\packages\icons\src\components\TriangleRight.tsx
processing D:\Work\salt-ds\packages\icons\src\SVG\triangle-right-down.svg to D:\Work\salt-ds\packages\icons\src\components\TriangleRightDown.tsx
processing D:\Work\salt-ds\packages\icons\src\SVG\undo.svg to D:\Work\salt-ds\packages\icons\src\components\Undo.tsx
processing D:\Work\salt-ds\packages\icons\src\SVG\type.svg to D:\Work\salt-ds\packages\icons\src\components\Type.tsx
processing D:\Work\salt-ds\packages\icons\src\SVG\type_solid.svg to D:\Work\salt-ds\packages\icons\src\components\TypeSolid.tsx
processing D:\Work\salt-ds\packages\icons\src\SVG\ungroup_solid.svg to D:\Work\salt-ds\packages\icons\src\components\UngroupSolid.tsx
processing D:\Work\salt-ds\packages\icons\src\SVG\universal-access.svg to D:\Work\salt-ds\packages\icons\src\components\UniversalAccess.tsx
processing D:\Work\salt-ds\packages\icons\src\SVG\universal-access_solid.svg to D:\Work\salt-ds\packages\icons\src\components\UniversalAccessSolid.tsx
processing D:\Work\salt-ds\packages\icons\src\SVG\unlinked.svg to D:\Work\salt-ds\packages\icons\src\components\Unlinked.tsx
processing D:\Work\salt-ds\packages\icons\src\SVG\unlocked_solid.svg to D:\Work\salt-ds\packages\icons\src\components\UnlockedSolid.tsx
processing D:\Work\salt-ds\packages\icons\src\SVG\unlocked.svg to D:\Work\salt-ds\packages\icons\src\components\Unlocked.tsx
processing D:\Work\salt-ds\packages\icons\src\SVG\ungroup.svg to D:\Work\salt-ds\packages\icons\src\components\Ungroup.tsx
processing D:\Work\salt-ds\packages\icons\src\SVG\urgency-high.svg to D:\Work\salt-ds\packages\icons\src\components\UrgencyHigh.tsx
processing D:\Work\salt-ds\packages\icons\src\SVG\urgency-low.svg to D:\Work\salt-ds\packages\icons\src\components\UrgencyLow.tsx
processing D:\Work\salt-ds\packages\icons\src\SVG\upload.svg to D:\Work\salt-ds\packages\icons\src\components\Upload.tsx
processing D:\Work\salt-ds\packages\icons\src\SVG\urgency-medium.svg to D:\Work\salt-ds\packages\icons\src\components\UrgencyMedium.tsx
processing D:\Work\salt-ds\packages\icons\src\SVG\urgency-critical.svg to D:\Work\salt-ds\packages\icons\src\components\UrgencyCritical.tsx
processing D:\Work\salt-ds\packages\icons\src\SVG\urgency-none.svg to D:\Work\salt-ds\packages\icons\src\components\UrgencyNone.tsx
processing D:\Work\salt-ds\packages\icons\src\SVG\user_solid.svg to D:\Work\salt-ds\packages\icons\src\components\UserSolid.tsx
processing D:\Work\salt-ds\packages\icons\src\SVG\user-badge.svg to D:\Work\salt-ds\packages\icons\src\components\UserBadge.tsx
processing D:\Work\salt-ds\packages\icons\src\SVG\user-admin_solid.svg to D:\Work\salt-ds\packages\icons\src\components\UserAdminSolid.tsx
processing D:\Work\salt-ds\packages\icons\src\SVG\urgency-ontime.svg to D:\Work\salt-ds\packages\icons\src\components\UrgencyOntime.tsx
processing D:\Work\salt-ds\packages\icons\src\SVG\user-group_solid.svg to D:\Work\salt-ds\packages\icons\src\components\UserGroupSolid.tsx
processing D:\Work\salt-ds\packages\icons\src\SVG\user-group.svg to D:\Work\salt-ds\packages\icons\src\components\UserGroup.tsx
processing D:\Work\salt-ds\packages\icons\src\SVG\user.svg to D:\Work\salt-ds\packages\icons\src\components\User.tsx
processing D:\Work\salt-ds\packages\icons\src\SVG\user-admin.svg to D:\Work\salt-ds\packages\icons\src\components\UserAdmin.tsx
processing D:\Work\salt-ds\packages\icons\src\SVG\user-search.svg to D:\Work\salt-ds\packages\icons\src\components\UserSearch.tsx
processing D:\Work\salt-ds\packages\icons\src\SVG\video_solid.svg to D:\Work\salt-ds\packages\icons\src\components\VideoSolid.tsx
processing D:\Work\salt-ds\packages\icons\src\SVG\video-disabled.svg to D:\Work\salt-ds\packages\icons\src\components\VideoDisabled.tsx
processing D:\Work\salt-ds\packages\icons\src\SVG\utensils_solid.svg to D:\Work\salt-ds\packages\icons\src\components\UtensilsSolid.tsx
processing D:\Work\salt-ds\packages\icons\src\SVG\utensils.svg to D:\Work\salt-ds\packages\icons\src\components\Utensils.tsx
processing D:\Work\salt-ds\packages\icons\src\SVG\visible_solid.svg to D:\Work\salt-ds\packages\icons\src\components\VisibleSolid.tsx
processing D:\Work\salt-ds\packages\icons\src\SVG\video.svg to D:\Work\salt-ds\packages\icons\src\components\Video.tsx
processing D:\Work\salt-ds\packages\icons\src\SVG\volume-off.svg to D:\Work\salt-ds\packages\icons\src\components\VolumeOff.tsx
processing D:\Work\salt-ds\packages\icons\src\SVG\visible.svg to D:\Work\salt-ds\packages\icons\src\components\Visible.tsx
processing D:\Work\salt-ds\packages\icons\src\SVG\volume-down.svg to D:\Work\salt-ds\packages\icons\src\components\VolumeDown.tsx
processing D:\Work\salt-ds\packages\icons\src\SVG\warning_solid.svg to D:\Work\salt-ds\packages\icons\src\components\WarningSolid.tsx
processing D:\Work\salt-ds\packages\icons\src\SVG\volume-up.svg to D:\Work\salt-ds\packages\icons\src\components\VolumeUp.tsx
processing D:\Work\salt-ds\packages\icons\src\SVG\warning.svg to D:\Work\salt-ds\packages\icons\src\components\Warning.tsx
processing D:\Work\salt-ds\packages\icons\src\SVG\watch_solid.svg to D:\Work\salt-ds\packages\icons\src\components\WatchSolid.tsx
processing D:\Work\salt-ds\packages\icons\src\SVG\watch.svg to D:\Work\salt-ds\packages\icons\src\components\Watch.tsx
processing D:\Work\salt-ds\packages\icons\src\SVG\weight.svg to D:\Work\salt-ds\packages\icons\src\components\Weight.tsx
processing D:\Work\salt-ds\packages\icons\src\SVG\waveform.svg to D:\Work\salt-ds\packages\icons\src\components\Waveform.tsx
processing D:\Work\salt-ds\packages\icons\src\SVG\wifi.svg to D:\Work\salt-ds\packages\icons\src\components\Wifi.tsx
processing D:\Work\salt-ds\packages\icons\src\SVG\weight_solid.svg to D:\Work\salt-ds\packages\icons\src\components\WeightSolid.tsx
processing D:\Work\salt-ds\packages\icons\src\SVG\woman.svg to D:\Work\salt-ds\packages\icons\src\components\Woman.tsx
processing D:\Work\salt-ds\packages\icons\src\SVG\woman_solid.svg to D:\Work\salt-ds\packages\icons\src\components\WomanSolid.tsx
processing D:\Work\salt-ds\packages\icons\src\SVG\woodland_solid.svg to D:\Work\salt-ds\packages\icons\src\components\WoodlandSolid.tsx
processing D:\Work\salt-ds\packages\icons\src\SVG\wifi-disabled.svg to D:\Work\salt-ds\packages\icons\src\components\WifiDisabled.tsx
processing D:\Work\salt-ds\packages\icons\src\SVG\woodland.svg to D:\Work\salt-ds\packages\icons\src\components\Woodland.tsx
processing D:\Work\salt-ds\packages\icons\src\SVG\workflow.svg to D:\Work\salt-ds\packages\icons\src\components\Workflow.tsx
processing D:\Work\salt-ds\packages\icons\src\SVG\xls_solid.svg to D:\Work\salt-ds\packages\icons\src\components\XlsSolid.tsx
processing D:\Work\salt-ds\packages\icons\src\SVG\workflow_solid.svg to D:\Work\salt-ds\packages\icons\src\components\WorkflowSolid.tsx
processing D:\Work\salt-ds\packages\icons\src\SVG\zip_solid.svg to D:\Work\salt-ds\packages\icons\src\components\ZipSolid.tsx
processing D:\Work\salt-ds\packages\icons\src\SVG\xls.svg to D:\Work\salt-ds\packages\icons\src\components\Xls.tsx
processing D:\Work\salt-ds\packages\icons\src\SVG\zip.svg to D:\Work\salt-ds\packages\icons\src\components\Zip.tsx
Generating index file
creating index at: D:\Work\salt-ds\packages\icons\src\components\index.ts
Generating D:\Work\salt-ds\packages\icons\stories\icon.all.ts
Writing D:\Work\salt-ds\packages\icons\stories\icon.all.ts
Generating D:\Work\salt-ds\site\src\components\icon-preview\allIconsList.ts
Writing D:\Work\salt-ds\site\src\components\icon-preview\allIconsList.ts
